

================================================================
== Vitis HLS Report for 'acd_inversion_Pipeline_init_mats'
================================================================
* Date:           Sun Nov 23 17:36:24 2025

* Version:        2023.1 (Build 3854077 on May  4 2023)
* Project:        OMP_HLS
* Solution:       solution1 (Vivado IP Flow Target)
* Product family: zynquplus
* Target device:  xczu19eg-ffvc1760-2-e


================================================================
== Performance Estimates
================================================================
+ Timing: 
    * Summary: 
    +--------+----------+----------+------------+
    |  Clock |  Target  | Estimated| Uncertainty|
    +--------+----------+----------+------------+
    |ap_clk  |  22.00 ns|  1.246 ns|     5.94 ns|
    +--------+----------+----------+------------+

+ Latency: 
    * Summary: 
    +---------+---------+----------+----------+-----+-----+---------+
    |  Latency (cycles) |  Latency (absolute) |  Interval | Pipeline|
    |   min   |   max   |    min   |    max   | min | max |   Type  |
    +---------+---------+----------+----------+-----+-----+---------+
    |       10|       10|  0.220 us|  0.220 us|   10|   10|       no|
    +---------+---------+----------+----------+-----+-----+---------+

    + Detail: 
        * Instance: 
        N/A

        * Loop: 
        +-------------+---------+---------+----------+-----------+-----------+------+----------+
        |             |  Latency (cycles) | Iteration|  Initiation Interval  | Trip |          |
        |  Loop Name  |   min   |   max   |  Latency |  achieved |   target  | Count| Pipelined|
        +-------------+---------+---------+----------+-----------+-----------+------+----------+
        |- init_mats  |        8|        8|         1|          1|          1|     8|       yes|
        +-------------+---------+---------+----------+-----------+-----------+------+----------+



================================================================
== Utilization Estimates
================================================================
* Summary: 
+-----------------+---------+------+---------+--------+-----+
|       Name      | BRAM_18K|  DSP |    FF   |   LUT  | URAM|
+-----------------+---------+------+---------+--------+-----+
|DSP              |        -|     -|        -|       -|    -|
|Expression       |        -|     -|        0|     360|    -|
|FIFO             |        -|     -|        -|       -|    -|
|Instance         |        -|     -|        -|       -|    -|
|Memory           |        -|     -|        -|       -|    -|
|Multiplexer      |        -|     -|        -|      27|    -|
|Register         |        -|     -|      846|       -|    -|
+-----------------+---------+------+---------+--------+-----+
|Total            |        0|     0|      846|     387|    0|
+-----------------+---------+------+---------+--------+-----+
|Available        |     1968|  1968|  1045440|  522720|  128|
+-----------------+---------+------+---------+--------+-----+
|Utilization (%)  |        0|     0|       ~0|      ~0|    0|
+-----------------+---------+------+---------+--------+-----+

+ Detail: 
    * Instance: 
    N/A

    * DSP: 
    N/A

    * Memory: 
    N/A

    * FIFO: 
    N/A

    * Expression: 
    +---------------------------+----------+----+---+----+------------+------------+
    |       Variable Name       | Operation| DSP| FF| LUT| Bitwidth P0| Bitwidth P1|
    +---------------------------+----------+----+---+----+------------+------------+
    |add_ln110_fu_1632_p2       |         +|   0|  0|  12|           4|           1|
    |icmp_ln110_fu_1626_p2      |      icmp|   0|  0|  12|           4|           5|
    |icmp_ln113_1_fu_1656_p2    |      icmp|   0|  0|  12|           4|           1|
    |icmp_ln113_2_fu_1670_p2    |      icmp|   0|  0|  12|           4|           2|
    |icmp_ln113_3_fu_1684_p2    |      icmp|   0|  0|  12|           4|           2|
    |icmp_ln113_4_fu_1698_p2    |      icmp|   0|  0|  12|           4|           3|
    |icmp_ln113_5_fu_1712_p2    |      icmp|   0|  0|  12|           4|           3|
    |icmp_ln113_6_fu_1726_p2    |      icmp|   0|  0|  12|           4|           3|
    |icmp_ln113_7_fu_1740_p2    |      icmp|   0|  0|  12|           4|           3|
    |icmp_ln113_fu_1642_p2      |      icmp|   0|  0|  12|           4|           1|
    |select_ln113_1_fu_1662_p3  |    select|   0|  0|  30|           1|          30|
    |select_ln113_2_fu_1676_p3  |    select|   0|  0|  30|           1|          30|
    |select_ln113_3_fu_1690_p3  |    select|   0|  0|  30|           1|          30|
    |select_ln113_4_fu_1704_p3  |    select|   0|  0|  30|           1|          30|
    |select_ln113_5_fu_1718_p3  |    select|   0|  0|  30|           1|          30|
    |select_ln113_6_fu_1732_p3  |    select|   0|  0|  30|           1|          30|
    |select_ln113_7_fu_1746_p3  |    select|   0|  0|  30|           1|          30|
    |select_ln113_fu_1648_p3    |    select|   0|  0|  30|           1|          30|
    +---------------------------+----------+----+---+----+------------+------------+
    |Total                      |          |   0|  0| 360|          48|         264|
    +---------------------------+----------+----+---+----+------------+------------+

    * Multiplexer: 
    +----------------------+----+-----------+-----+-----------+
    |         Name         | LUT| Input Size| Bits| Total Bits|
    +----------------------+----+-----------+-----+-----------+
    |ap_done_int           |   9|          2|    1|          2|
    |ap_sig_allocacmp_i_9  |   9|          2|    4|          8|
    |i_fu_294              |   9|          2|    4|          8|
    +----------------------+----+-----------+-----+-----------+
    |Total                 |  27|          6|    9|         18|
    +----------------------+----+-----------+-----+-----------+

    * Register: 
    +------------------------+---+----+-----+-----------+
    |          Name          | FF| LUT| Bits| Const Bits|
    +------------------------+---+----+-----+-----------+
    |ap_CS_fsm               |  1|   0|    1|          0|
    |ap_done_reg             |  1|   0|    1|          0|
    |cond1542_fu_330         |  7|   0|   32|         25|
    |cond1558_fu_362         |  7|   0|   32|         25|
    |cond1574_fu_394         |  7|   0|   32|         25|
    |cond1590_fu_426         |  7|   0|   32|         25|
    |cond1606_fu_458         |  7|   0|   32|         25|
    |cond1622_fu_490         |  7|   0|   32|         25|
    |cond1638_fu_522         |  7|   0|   32|         25|
    |cond1654_fu_554         |  7|   0|   32|         25|
    |cond1670_fu_586         |  7|   0|   32|         25|
    |cond1686_fu_618         |  7|   0|   32|         25|
    |cond1702_fu_650         |  7|   0|   32|         25|
    |cond1718_fu_682         |  7|   0|   32|         25|
    |cond1766_fu_714         |  7|   0|   32|         25|
    |cond1782_fu_746         |  7|   0|   32|         25|
    |cond_11544_fu_334       |  7|   0|   32|         25|
    |cond_11560_fu_366       |  7|   0|   32|         25|
    |cond_11576_fu_398       |  7|   0|   32|         25|
    |cond_11592_fu_430       |  7|   0|   32|         25|
    |cond_11608_fu_462       |  7|   0|   32|         25|
    |cond_11624_fu_494       |  7|   0|   32|         25|
    |cond_11640_fu_526       |  7|   0|   32|         25|
    |cond_11656_fu_558       |  7|   0|   32|         25|
    |cond_11672_fu_590       |  7|   0|   32|         25|
    |cond_11688_fu_622       |  7|   0|   32|         25|
    |cond_11704_fu_654       |  7|   0|   32|         25|
    |cond_11720_fu_686       |  7|   0|   32|         25|
    |cond_11768_fu_718       |  7|   0|   32|         25|
    |cond_11784_fu_750       |  7|   0|   32|         25|
    |cond_21546_fu_338       |  7|   0|   32|         25|
    |cond_21562_fu_370       |  7|   0|   32|         25|
    |cond_21578_fu_402       |  7|   0|   32|         25|
    |cond_21594_fu_434       |  7|   0|   32|         25|
    |cond_21610_fu_466       |  7|   0|   32|         25|
    |cond_21626_fu_498       |  7|   0|   32|         25|
    |cond_21642_fu_530       |  7|   0|   32|         25|
    |cond_21658_fu_562       |  7|   0|   32|         25|
    |cond_21674_fu_594       |  7|   0|   32|         25|
    |cond_21690_fu_626       |  7|   0|   32|         25|
    |cond_21706_fu_658       |  7|   0|   32|         25|
    |cond_21722_fu_690       |  7|   0|   32|         25|
    |cond_21770_fu_722       |  7|   0|   32|         25|
    |cond_21786_fu_754       |  7|   0|   32|         25|
    |cond_31548_fu_342       |  7|   0|   32|         25|
    |cond_31564_fu_374       |  7|   0|   32|         25|
    |cond_31580_fu_406       |  7|   0|   32|         25|
    |cond_31596_fu_438       |  7|   0|   32|         25|
    |cond_31612_fu_470       |  7|   0|   32|         25|
    |cond_31628_fu_502       |  7|   0|   32|         25|
    |cond_31644_fu_534       |  7|   0|   32|         25|
    |cond_31660_fu_566       |  7|   0|   32|         25|
    |cond_31676_fu_598       |  7|   0|   32|         25|
    |cond_31692_fu_630       |  7|   0|   32|         25|
    |cond_31708_fu_662       |  7|   0|   32|         25|
    |cond_31724_fu_694       |  7|   0|   32|         25|
    |cond_31772_fu_726       |  7|   0|   32|         25|
    |cond_31788_fu_758       |  7|   0|   32|         25|
    |cond_41550_fu_346       |  7|   0|   32|         25|
    |cond_41566_fu_378       |  7|   0|   32|         25|
    |cond_41582_fu_410       |  7|   0|   32|         25|
    |cond_41598_fu_442       |  7|   0|   32|         25|
    |cond_41614_fu_474       |  7|   0|   32|         25|
    |cond_41630_fu_506       |  7|   0|   32|         25|
    |cond_41646_fu_538       |  7|   0|   32|         25|
    |cond_41662_fu_570       |  7|   0|   32|         25|
    |cond_41678_fu_602       |  7|   0|   32|         25|
    |cond_41694_fu_634       |  7|   0|   32|         25|
    |cond_41710_fu_666       |  7|   0|   32|         25|
    |cond_41726_fu_698       |  7|   0|   32|         25|
    |cond_41774_fu_730       |  7|   0|   32|         25|
    |cond_41790_fu_762       |  7|   0|   32|         25|
    |cond_51552_fu_350       |  7|   0|   32|         25|
    |cond_51568_fu_382       |  7|   0|   32|         25|
    |cond_51584_fu_414       |  7|   0|   32|         25|
    |cond_51600_fu_446       |  7|   0|   32|         25|
    |cond_51616_fu_478       |  7|   0|   32|         25|
    |cond_51632_fu_510       |  7|   0|   32|         25|
    |cond_51648_fu_542       |  7|   0|   32|         25|
    |cond_51664_fu_574       |  7|   0|   32|         25|
    |cond_51680_fu_606       |  7|   0|   32|         25|
    |cond_51696_fu_638       |  7|   0|   32|         25|
    |cond_51712_fu_670       |  7|   0|   32|         25|
    |cond_51728_fu_702       |  7|   0|   32|         25|
    |cond_51776_fu_734       |  7|   0|   32|         25|
    |cond_51792_fu_766       |  7|   0|   32|         25|
    |cond_61554_fu_354       |  7|   0|   32|         25|
    |cond_61570_fu_386       |  7|   0|   32|         25|
    |cond_61586_fu_418       |  7|   0|   32|         25|
    |cond_61602_fu_450       |  7|   0|   32|         25|
    |cond_61618_fu_482       |  7|   0|   32|         25|
    |cond_61634_fu_514       |  7|   0|   32|         25|
    |cond_61650_fu_546       |  7|   0|   32|         25|
    |cond_61666_fu_578       |  7|   0|   32|         25|
    |cond_61682_fu_610       |  7|   0|   32|         25|
    |cond_61698_fu_642       |  7|   0|   32|         25|
    |cond_61714_fu_674       |  7|   0|   32|         25|
    |cond_61730_fu_706       |  7|   0|   32|         25|
    |cond_61778_fu_738       |  7|   0|   32|         25|
    |cond_61794_fu_770       |  7|   0|   32|         25|
    |cond_71556_fu_358       |  7|   0|   32|         25|
    |cond_71572_fu_390       |  7|   0|   32|         25|
    |cond_71588_fu_422       |  7|   0|   32|         25|
    |cond_71604_fu_454       |  7|   0|   32|         25|
    |cond_71620_fu_486       |  7|   0|   32|         25|
    |cond_71636_fu_518       |  7|   0|   32|         25|
    |cond_71652_fu_550       |  7|   0|   32|         25|
    |cond_71668_fu_582       |  7|   0|   32|         25|
    |cond_71684_fu_614       |  7|   0|   32|         25|
    |cond_71700_fu_646       |  7|   0|   32|         25|
    |cond_71716_fu_678       |  7|   0|   32|         25|
    |cond_71732_fu_710       |  7|   0|   32|         25|
    |cond_71780_fu_742       |  7|   0|   32|         25|
    |cond_71796_fu_774       |  7|   0|   32|         25|
    |i_fu_294                |  4|   0|    4|          0|
    |mux_case_010632_fu_302  |  7|   0|   32|         25|
    |mux_case_012235_fu_306  |  7|   0|   32|         25|
    |mux_case_013838_fu_310  |  7|   0|   32|         25|
    |mux_case_015441_fu_314  |  7|   0|   32|         25|
    |mux_case_017044_fu_318  |  7|   0|   32|         25|
    |mux_case_018647_fu_322  |  7|   0|   32|         25|
    |mux_case_020250_fu_326  |  7|   0|   32|         25|
    |mux_case_09029_fu_298   |  7|   0|   32|         25|
    +------------------------+---+----+-----+-----------+
    |Total                   |846|   0| 3846|       3000|
    +------------------------+---+----+-----+-----------+



================================================================
== Interface
================================================================
* Summary: 
+----------------------------+-----+-----+------------+----------------------------------+--------------+
|          RTL Ports         | Dir | Bits|  Protocol  |           Source Object          |    C Type    |
+----------------------------+-----+-----+------------+----------------------------------+--------------+
|ap_clk                      |   in|    1|  ap_ctrl_hs|  acd_inversion_Pipeline_init_mats|  return value|
|ap_rst                      |   in|    1|  ap_ctrl_hs|  acd_inversion_Pipeline_init_mats|  return value|
|ap_start                    |   in|    1|  ap_ctrl_hs|  acd_inversion_Pipeline_init_mats|  return value|
|ap_done                     |  out|    1|  ap_ctrl_hs|  acd_inversion_Pipeline_init_mats|  return value|
|ap_idle                     |  out|    1|  ap_ctrl_hs|  acd_inversion_Pipeline_init_mats|  return value|
|ap_ready                    |  out|    1|  ap_ctrl_hs|  acd_inversion_Pipeline_init_mats|  return value|
|cond_71796_out              |  out|   32|      ap_vld|                    cond_71796_out|       pointer|
|cond_71796_out_ap_vld       |  out|    1|      ap_vld|                    cond_71796_out|       pointer|
|cond_61794_out              |  out|   32|      ap_vld|                    cond_61794_out|       pointer|
|cond_61794_out_ap_vld       |  out|    1|      ap_vld|                    cond_61794_out|       pointer|
|cond_51792_out              |  out|   32|      ap_vld|                    cond_51792_out|       pointer|
|cond_51792_out_ap_vld       |  out|    1|      ap_vld|                    cond_51792_out|       pointer|
|cond_41790_out              |  out|   32|      ap_vld|                    cond_41790_out|       pointer|
|cond_41790_out_ap_vld       |  out|    1|      ap_vld|                    cond_41790_out|       pointer|
|cond_31788_out              |  out|   32|      ap_vld|                    cond_31788_out|       pointer|
|cond_31788_out_ap_vld       |  out|    1|      ap_vld|                    cond_31788_out|       pointer|
|cond_21786_out              |  out|   32|      ap_vld|                    cond_21786_out|       pointer|
|cond_21786_out_ap_vld       |  out|    1|      ap_vld|                    cond_21786_out|       pointer|
|cond_11784_out              |  out|   32|      ap_vld|                    cond_11784_out|       pointer|
|cond_11784_out_ap_vld       |  out|    1|      ap_vld|                    cond_11784_out|       pointer|
|cond1782_out                |  out|   32|      ap_vld|                      cond1782_out|       pointer|
|cond1782_out_ap_vld         |  out|    1|      ap_vld|                      cond1782_out|       pointer|
|cond_71780_out              |  out|   32|      ap_vld|                    cond_71780_out|       pointer|
|cond_71780_out_ap_vld       |  out|    1|      ap_vld|                    cond_71780_out|       pointer|
|cond_61778_out              |  out|   32|      ap_vld|                    cond_61778_out|       pointer|
|cond_61778_out_ap_vld       |  out|    1|      ap_vld|                    cond_61778_out|       pointer|
|cond_51776_out              |  out|   32|      ap_vld|                    cond_51776_out|       pointer|
|cond_51776_out_ap_vld       |  out|    1|      ap_vld|                    cond_51776_out|       pointer|
|cond_41774_out              |  out|   32|      ap_vld|                    cond_41774_out|       pointer|
|cond_41774_out_ap_vld       |  out|    1|      ap_vld|                    cond_41774_out|       pointer|
|cond_31772_out              |  out|   32|      ap_vld|                    cond_31772_out|       pointer|
|cond_31772_out_ap_vld       |  out|    1|      ap_vld|                    cond_31772_out|       pointer|
|cond_21770_out              |  out|   32|      ap_vld|                    cond_21770_out|       pointer|
|cond_21770_out_ap_vld       |  out|    1|      ap_vld|                    cond_21770_out|       pointer|
|cond_11768_out              |  out|   32|      ap_vld|                    cond_11768_out|       pointer|
|cond_11768_out_ap_vld       |  out|    1|      ap_vld|                    cond_11768_out|       pointer|
|cond1766_out                |  out|   32|      ap_vld|                      cond1766_out|       pointer|
|cond1766_out_ap_vld         |  out|    1|      ap_vld|                      cond1766_out|       pointer|
|cond_71732_out              |  out|   32|      ap_vld|                    cond_71732_out|       pointer|
|cond_71732_out_ap_vld       |  out|    1|      ap_vld|                    cond_71732_out|       pointer|
|cond_61730_out              |  out|   32|      ap_vld|                    cond_61730_out|       pointer|
|cond_61730_out_ap_vld       |  out|    1|      ap_vld|                    cond_61730_out|       pointer|
|cond_51728_out              |  out|   32|      ap_vld|                    cond_51728_out|       pointer|
|cond_51728_out_ap_vld       |  out|    1|      ap_vld|                    cond_51728_out|       pointer|
|cond_41726_out              |  out|   32|      ap_vld|                    cond_41726_out|       pointer|
|cond_41726_out_ap_vld       |  out|    1|      ap_vld|                    cond_41726_out|       pointer|
|cond_31724_out              |  out|   32|      ap_vld|                    cond_31724_out|       pointer|
|cond_31724_out_ap_vld       |  out|    1|      ap_vld|                    cond_31724_out|       pointer|
|cond_21722_out              |  out|   32|      ap_vld|                    cond_21722_out|       pointer|
|cond_21722_out_ap_vld       |  out|    1|      ap_vld|                    cond_21722_out|       pointer|
|cond_11720_out              |  out|   32|      ap_vld|                    cond_11720_out|       pointer|
|cond_11720_out_ap_vld       |  out|    1|      ap_vld|                    cond_11720_out|       pointer|
|cond1718_out                |  out|   32|      ap_vld|                      cond1718_out|       pointer|
|cond1718_out_ap_vld         |  out|    1|      ap_vld|                      cond1718_out|       pointer|
|cond_71716_out              |  out|   32|      ap_vld|                    cond_71716_out|       pointer|
|cond_71716_out_ap_vld       |  out|    1|      ap_vld|                    cond_71716_out|       pointer|
|cond_61714_out              |  out|   32|      ap_vld|                    cond_61714_out|       pointer|
|cond_61714_out_ap_vld       |  out|    1|      ap_vld|                    cond_61714_out|       pointer|
|cond_51712_out              |  out|   32|      ap_vld|                    cond_51712_out|       pointer|
|cond_51712_out_ap_vld       |  out|    1|      ap_vld|                    cond_51712_out|       pointer|
|cond_41710_out              |  out|   32|      ap_vld|                    cond_41710_out|       pointer|
|cond_41710_out_ap_vld       |  out|    1|      ap_vld|                    cond_41710_out|       pointer|
|cond_31708_out              |  out|   32|      ap_vld|                    cond_31708_out|       pointer|
|cond_31708_out_ap_vld       |  out|    1|      ap_vld|                    cond_31708_out|       pointer|
|cond_21706_out              |  out|   32|      ap_vld|                    cond_21706_out|       pointer|
|cond_21706_out_ap_vld       |  out|    1|      ap_vld|                    cond_21706_out|       pointer|
|cond_11704_out              |  out|   32|      ap_vld|                    cond_11704_out|       pointer|
|cond_11704_out_ap_vld       |  out|    1|      ap_vld|                    cond_11704_out|       pointer|
|cond1702_out                |  out|   32|      ap_vld|                      cond1702_out|       pointer|
|cond1702_out_ap_vld         |  out|    1|      ap_vld|                      cond1702_out|       pointer|
|cond_71700_out              |  out|   32|      ap_vld|                    cond_71700_out|       pointer|
|cond_71700_out_ap_vld       |  out|    1|      ap_vld|                    cond_71700_out|       pointer|
|cond_61698_out              |  out|   32|      ap_vld|                    cond_61698_out|       pointer|
|cond_61698_out_ap_vld       |  out|    1|      ap_vld|                    cond_61698_out|       pointer|
|cond_51696_out              |  out|   32|      ap_vld|                    cond_51696_out|       pointer|
|cond_51696_out_ap_vld       |  out|    1|      ap_vld|                    cond_51696_out|       pointer|
|cond_41694_out              |  out|   32|      ap_vld|                    cond_41694_out|       pointer|
|cond_41694_out_ap_vld       |  out|    1|      ap_vld|                    cond_41694_out|       pointer|
|cond_31692_out              |  out|   32|      ap_vld|                    cond_31692_out|       pointer|
|cond_31692_out_ap_vld       |  out|    1|      ap_vld|                    cond_31692_out|       pointer|
|cond_21690_out              |  out|   32|      ap_vld|                    cond_21690_out|       pointer|
|cond_21690_out_ap_vld       |  out|    1|      ap_vld|                    cond_21690_out|       pointer|
|cond_11688_out              |  out|   32|      ap_vld|                    cond_11688_out|       pointer|
|cond_11688_out_ap_vld       |  out|    1|      ap_vld|                    cond_11688_out|       pointer|
|cond1686_out                |  out|   32|      ap_vld|                      cond1686_out|       pointer|
|cond1686_out_ap_vld         |  out|    1|      ap_vld|                      cond1686_out|       pointer|
|cond_71684_out              |  out|   32|      ap_vld|                    cond_71684_out|       pointer|
|cond_71684_out_ap_vld       |  out|    1|      ap_vld|                    cond_71684_out|       pointer|
|cond_61682_out              |  out|   32|      ap_vld|                    cond_61682_out|       pointer|
|cond_61682_out_ap_vld       |  out|    1|      ap_vld|                    cond_61682_out|       pointer|
|cond_51680_out              |  out|   32|      ap_vld|                    cond_51680_out|       pointer|
|cond_51680_out_ap_vld       |  out|    1|      ap_vld|                    cond_51680_out|       pointer|
|cond_41678_out              |  out|   32|      ap_vld|                    cond_41678_out|       pointer|
|cond_41678_out_ap_vld       |  out|    1|      ap_vld|                    cond_41678_out|       pointer|
|cond_31676_out              |  out|   32|      ap_vld|                    cond_31676_out|       pointer|
|cond_31676_out_ap_vld       |  out|    1|      ap_vld|                    cond_31676_out|       pointer|
|cond_21674_out              |  out|   32|      ap_vld|                    cond_21674_out|       pointer|
|cond_21674_out_ap_vld       |  out|    1|      ap_vld|                    cond_21674_out|       pointer|
|cond_11672_out              |  out|   32|      ap_vld|                    cond_11672_out|       pointer|
|cond_11672_out_ap_vld       |  out|    1|      ap_vld|                    cond_11672_out|       pointer|
|cond1670_out                |  out|   32|      ap_vld|                      cond1670_out|       pointer|
|cond1670_out_ap_vld         |  out|    1|      ap_vld|                      cond1670_out|       pointer|
|cond_71668_out              |  out|   32|      ap_vld|                    cond_71668_out|       pointer|
|cond_71668_out_ap_vld       |  out|    1|      ap_vld|                    cond_71668_out|       pointer|
|cond_61666_out              |  out|   32|      ap_vld|                    cond_61666_out|       pointer|
|cond_61666_out_ap_vld       |  out|    1|      ap_vld|                    cond_61666_out|       pointer|
|cond_51664_out              |  out|   32|      ap_vld|                    cond_51664_out|       pointer|
|cond_51664_out_ap_vld       |  out|    1|      ap_vld|                    cond_51664_out|       pointer|
|cond_41662_out              |  out|   32|      ap_vld|                    cond_41662_out|       pointer|
|cond_41662_out_ap_vld       |  out|    1|      ap_vld|                    cond_41662_out|       pointer|
|cond_31660_out              |  out|   32|      ap_vld|                    cond_31660_out|       pointer|
|cond_31660_out_ap_vld       |  out|    1|      ap_vld|                    cond_31660_out|       pointer|
|cond_21658_out              |  out|   32|      ap_vld|                    cond_21658_out|       pointer|
|cond_21658_out_ap_vld       |  out|    1|      ap_vld|                    cond_21658_out|       pointer|
|cond_11656_out              |  out|   32|      ap_vld|                    cond_11656_out|       pointer|
|cond_11656_out_ap_vld       |  out|    1|      ap_vld|                    cond_11656_out|       pointer|
|cond1654_out                |  out|   32|      ap_vld|                      cond1654_out|       pointer|
|cond1654_out_ap_vld         |  out|    1|      ap_vld|                      cond1654_out|       pointer|
|cond_71652_out              |  out|   32|      ap_vld|                    cond_71652_out|       pointer|
|cond_71652_out_ap_vld       |  out|    1|      ap_vld|                    cond_71652_out|       pointer|
|cond_61650_out              |  out|   32|      ap_vld|                    cond_61650_out|       pointer|
|cond_61650_out_ap_vld       |  out|    1|      ap_vld|                    cond_61650_out|       pointer|
|cond_51648_out              |  out|   32|      ap_vld|                    cond_51648_out|       pointer|
|cond_51648_out_ap_vld       |  out|    1|      ap_vld|                    cond_51648_out|       pointer|
|cond_41646_out              |  out|   32|      ap_vld|                    cond_41646_out|       pointer|
|cond_41646_out_ap_vld       |  out|    1|      ap_vld|                    cond_41646_out|       pointer|
|cond_31644_out              |  out|   32|      ap_vld|                    cond_31644_out|       pointer|
|cond_31644_out_ap_vld       |  out|    1|      ap_vld|                    cond_31644_out|       pointer|
|cond_21642_out              |  out|   32|      ap_vld|                    cond_21642_out|       pointer|
|cond_21642_out_ap_vld       |  out|    1|      ap_vld|                    cond_21642_out|       pointer|
|cond_11640_out              |  out|   32|      ap_vld|                    cond_11640_out|       pointer|
|cond_11640_out_ap_vld       |  out|    1|      ap_vld|                    cond_11640_out|       pointer|
|cond1638_out                |  out|   32|      ap_vld|                      cond1638_out|       pointer|
|cond1638_out_ap_vld         |  out|    1|      ap_vld|                      cond1638_out|       pointer|
|cond_71636_out              |  out|   32|      ap_vld|                    cond_71636_out|       pointer|
|cond_71636_out_ap_vld       |  out|    1|      ap_vld|                    cond_71636_out|       pointer|
|cond_61634_out              |  out|   32|      ap_vld|                    cond_61634_out|       pointer|
|cond_61634_out_ap_vld       |  out|    1|      ap_vld|                    cond_61634_out|       pointer|
|cond_51632_out              |  out|   32|      ap_vld|                    cond_51632_out|       pointer|
|cond_51632_out_ap_vld       |  out|    1|      ap_vld|                    cond_51632_out|       pointer|
|cond_41630_out              |  out|   32|      ap_vld|                    cond_41630_out|       pointer|
|cond_41630_out_ap_vld       |  out|    1|      ap_vld|                    cond_41630_out|       pointer|
|cond_31628_out              |  out|   32|      ap_vld|                    cond_31628_out|       pointer|
|cond_31628_out_ap_vld       |  out|    1|      ap_vld|                    cond_31628_out|       pointer|
|cond_21626_out              |  out|   32|      ap_vld|                    cond_21626_out|       pointer|
|cond_21626_out_ap_vld       |  out|    1|      ap_vld|                    cond_21626_out|       pointer|
|cond_11624_out              |  out|   32|      ap_vld|                    cond_11624_out|       pointer|
|cond_11624_out_ap_vld       |  out|    1|      ap_vld|                    cond_11624_out|       pointer|
|cond1622_out                |  out|   32|      ap_vld|                      cond1622_out|       pointer|
|cond1622_out_ap_vld         |  out|    1|      ap_vld|                      cond1622_out|       pointer|
|cond_71620_out              |  out|   32|      ap_vld|                    cond_71620_out|       pointer|
|cond_71620_out_ap_vld       |  out|    1|      ap_vld|                    cond_71620_out|       pointer|
|cond_61618_out              |  out|   32|      ap_vld|                    cond_61618_out|       pointer|
|cond_61618_out_ap_vld       |  out|    1|      ap_vld|                    cond_61618_out|       pointer|
|cond_51616_out              |  out|   32|      ap_vld|                    cond_51616_out|       pointer|
|cond_51616_out_ap_vld       |  out|    1|      ap_vld|                    cond_51616_out|       pointer|
|cond_41614_out              |  out|   32|      ap_vld|                    cond_41614_out|       pointer|
|cond_41614_out_ap_vld       |  out|    1|      ap_vld|                    cond_41614_out|       pointer|
|cond_31612_out              |  out|   32|      ap_vld|                    cond_31612_out|       pointer|
|cond_31612_out_ap_vld       |  out|    1|      ap_vld|                    cond_31612_out|       pointer|
|cond_21610_out              |  out|   32|      ap_vld|                    cond_21610_out|       pointer|
|cond_21610_out_ap_vld       |  out|    1|      ap_vld|                    cond_21610_out|       pointer|
|cond_11608_out              |  out|   32|      ap_vld|                    cond_11608_out|       pointer|
|cond_11608_out_ap_vld       |  out|    1|      ap_vld|                    cond_11608_out|       pointer|
|cond1606_out                |  out|   32|      ap_vld|                      cond1606_out|       pointer|
|cond1606_out_ap_vld         |  out|    1|      ap_vld|                      cond1606_out|       pointer|
|cond_71604_out              |  out|   32|      ap_vld|                    cond_71604_out|       pointer|
|cond_71604_out_ap_vld       |  out|    1|      ap_vld|                    cond_71604_out|       pointer|
|cond_61602_out              |  out|   32|      ap_vld|                    cond_61602_out|       pointer|
|cond_61602_out_ap_vld       |  out|    1|      ap_vld|                    cond_61602_out|       pointer|
|cond_51600_out              |  out|   32|      ap_vld|                    cond_51600_out|       pointer|
|cond_51600_out_ap_vld       |  out|    1|      ap_vld|                    cond_51600_out|       pointer|
|cond_41598_out              |  out|   32|      ap_vld|                    cond_41598_out|       pointer|
|cond_41598_out_ap_vld       |  out|    1|      ap_vld|                    cond_41598_out|       pointer|
|cond_31596_out              |  out|   32|      ap_vld|                    cond_31596_out|       pointer|
|cond_31596_out_ap_vld       |  out|    1|      ap_vld|                    cond_31596_out|       pointer|
|cond_21594_out              |  out|   32|      ap_vld|                    cond_21594_out|       pointer|
|cond_21594_out_ap_vld       |  out|    1|      ap_vld|                    cond_21594_out|       pointer|
|cond_11592_out              |  out|   32|      ap_vld|                    cond_11592_out|       pointer|
|cond_11592_out_ap_vld       |  out|    1|      ap_vld|                    cond_11592_out|       pointer|
|cond1590_out                |  out|   32|      ap_vld|                      cond1590_out|       pointer|
|cond1590_out_ap_vld         |  out|    1|      ap_vld|                      cond1590_out|       pointer|
|cond_71588_out              |  out|   32|      ap_vld|                    cond_71588_out|       pointer|
|cond_71588_out_ap_vld       |  out|    1|      ap_vld|                    cond_71588_out|       pointer|
|cond_61586_out              |  out|   32|      ap_vld|                    cond_61586_out|       pointer|
|cond_61586_out_ap_vld       |  out|    1|      ap_vld|                    cond_61586_out|       pointer|
|cond_51584_out              |  out|   32|      ap_vld|                    cond_51584_out|       pointer|
|cond_51584_out_ap_vld       |  out|    1|      ap_vld|                    cond_51584_out|       pointer|
|cond_41582_out              |  out|   32|      ap_vld|                    cond_41582_out|       pointer|
|cond_41582_out_ap_vld       |  out|    1|      ap_vld|                    cond_41582_out|       pointer|
|cond_31580_out              |  out|   32|      ap_vld|                    cond_31580_out|       pointer|
|cond_31580_out_ap_vld       |  out|    1|      ap_vld|                    cond_31580_out|       pointer|
|cond_21578_out              |  out|   32|      ap_vld|                    cond_21578_out|       pointer|
|cond_21578_out_ap_vld       |  out|    1|      ap_vld|                    cond_21578_out|       pointer|
|cond_11576_out              |  out|   32|      ap_vld|                    cond_11576_out|       pointer|
|cond_11576_out_ap_vld       |  out|    1|      ap_vld|                    cond_11576_out|       pointer|
|cond1574_out                |  out|   32|      ap_vld|                      cond1574_out|       pointer|
|cond1574_out_ap_vld         |  out|    1|      ap_vld|                      cond1574_out|       pointer|
|cond_71572_out              |  out|   32|      ap_vld|                    cond_71572_out|       pointer|
|cond_71572_out_ap_vld       |  out|    1|      ap_vld|                    cond_71572_out|       pointer|
|cond_61570_out              |  out|   32|      ap_vld|                    cond_61570_out|       pointer|
|cond_61570_out_ap_vld       |  out|    1|      ap_vld|                    cond_61570_out|       pointer|
|cond_51568_out              |  out|   32|      ap_vld|                    cond_51568_out|       pointer|
|cond_51568_out_ap_vld       |  out|    1|      ap_vld|                    cond_51568_out|       pointer|
|cond_41566_out              |  out|   32|      ap_vld|                    cond_41566_out|       pointer|
|cond_41566_out_ap_vld       |  out|    1|      ap_vld|                    cond_41566_out|       pointer|
|cond_31564_out              |  out|   32|      ap_vld|                    cond_31564_out|       pointer|
|cond_31564_out_ap_vld       |  out|    1|      ap_vld|                    cond_31564_out|       pointer|
|cond_21562_out              |  out|   32|      ap_vld|                    cond_21562_out|       pointer|
|cond_21562_out_ap_vld       |  out|    1|      ap_vld|                    cond_21562_out|       pointer|
|cond_11560_out              |  out|   32|      ap_vld|                    cond_11560_out|       pointer|
|cond_11560_out_ap_vld       |  out|    1|      ap_vld|                    cond_11560_out|       pointer|
|cond1558_out                |  out|   32|      ap_vld|                      cond1558_out|       pointer|
|cond1558_out_ap_vld         |  out|    1|      ap_vld|                      cond1558_out|       pointer|
|cond_71556_out              |  out|   32|      ap_vld|                    cond_71556_out|       pointer|
|cond_71556_out_ap_vld       |  out|    1|      ap_vld|                    cond_71556_out|       pointer|
|cond_61554_out              |  out|   32|      ap_vld|                    cond_61554_out|       pointer|
|cond_61554_out_ap_vld       |  out|    1|      ap_vld|                    cond_61554_out|       pointer|
|cond_51552_out              |  out|   32|      ap_vld|                    cond_51552_out|       pointer|
|cond_51552_out_ap_vld       |  out|    1|      ap_vld|                    cond_51552_out|       pointer|
|cond_41550_out              |  out|   32|      ap_vld|                    cond_41550_out|       pointer|
|cond_41550_out_ap_vld       |  out|    1|      ap_vld|                    cond_41550_out|       pointer|
|cond_31548_out              |  out|   32|      ap_vld|                    cond_31548_out|       pointer|
|cond_31548_out_ap_vld       |  out|    1|      ap_vld|                    cond_31548_out|       pointer|
|cond_21546_out              |  out|   32|      ap_vld|                    cond_21546_out|       pointer|
|cond_21546_out_ap_vld       |  out|    1|      ap_vld|                    cond_21546_out|       pointer|
|cond_11544_out              |  out|   32|      ap_vld|                    cond_11544_out|       pointer|
|cond_11544_out_ap_vld       |  out|    1|      ap_vld|                    cond_11544_out|       pointer|
|cond1542_out                |  out|   32|      ap_vld|                      cond1542_out|       pointer|
|cond1542_out_ap_vld         |  out|    1|      ap_vld|                      cond1542_out|       pointer|
|mux_case_020250_out         |  out|   32|      ap_vld|               mux_case_020250_out|       pointer|
|mux_case_020250_out_ap_vld  |  out|    1|      ap_vld|               mux_case_020250_out|       pointer|
|mux_case_018647_out         |  out|   32|      ap_vld|               mux_case_018647_out|       pointer|
|mux_case_018647_out_ap_vld  |  out|    1|      ap_vld|               mux_case_018647_out|       pointer|
|mux_case_017044_out         |  out|   32|      ap_vld|               mux_case_017044_out|       pointer|
|mux_case_017044_out_ap_vld  |  out|    1|      ap_vld|               mux_case_017044_out|       pointer|
|mux_case_015441_out         |  out|   32|      ap_vld|               mux_case_015441_out|       pointer|
|mux_case_015441_out_ap_vld  |  out|    1|      ap_vld|               mux_case_015441_out|       pointer|
|mux_case_013838_out         |  out|   32|      ap_vld|               mux_case_013838_out|       pointer|
|mux_case_013838_out_ap_vld  |  out|    1|      ap_vld|               mux_case_013838_out|       pointer|
|mux_case_012235_out         |  out|   32|      ap_vld|               mux_case_012235_out|       pointer|
|mux_case_012235_out_ap_vld  |  out|    1|      ap_vld|               mux_case_012235_out|       pointer|
|mux_case_010632_out         |  out|   32|      ap_vld|               mux_case_010632_out|       pointer|
|mux_case_010632_out_ap_vld  |  out|    1|      ap_vld|               mux_case_010632_out|       pointer|
|mux_case_09029_out          |  out|   32|      ap_vld|                mux_case_09029_out|       pointer|
|mux_case_09029_out_ap_vld   |  out|    1|      ap_vld|                mux_case_09029_out|       pointer|
+----------------------------+-----+-----+------------+----------------------------------+--------------+

