

================================================================
== Vitis HLS Report for 'acd_inversion_Pipeline_calc_Ginv'
================================================================
* Date:           Sun Nov 23 17:36:24 2025

* Version:        2023.1 (Build 3854077 on May  4 2023)
* Project:        OMP_HLS
* Solution:       solution1 (Vivado IP Flow Target)
* Product family: zynquplus
* Target device:  xczu19eg-ffvc1760-2-e


================================================================
== Performance Estimates
================================================================
+ Timing: 
    * Summary: 
    +--------+----------+-----------+------------+
    |  Clock |  Target  | Estimated | Uncertainty|
    +--------+----------+-----------+------------+
    |ap_clk  |  22.00 ns|  12.653 ns|     5.94 ns|
    +--------+----------+-----------+------------+

+ Latency: 
    * Summary: 
    +---------+---------+----------+----------+-----+-----+---------+
    |  Latency (cycles) |  Latency (absolute) |  Interval | Pipeline|
    |   min   |   max   |    min   |    max   | min | max |   Type  |
    +---------+---------+----------+----------+-----+-----+---------+
    |       27|       27|  0.594 us|  0.594 us|   27|   27|       no|
    +---------+---------+----------+----------+-----+-----+---------+

    + Detail: 
        * Instance: 
        N/A

        * Loop: 
        +-------------+---------+---------+----------+-----------+-----------+------+----------+
        |             |  Latency (cycles) | Iteration|  Initiation Interval  | Trip |          |
        |  Loop Name  |   min   |   max   |  Latency |  achieved |   target  | Count| Pipelined|
        +-------------+---------+---------+----------+-----------+-----------+------+----------+
        |- calc_Ginv  |       25|       25|        19|          1|          1|     8|       yes|
        +-------------+---------+---------+----------+-----------+-----------+------+----------+



================================================================
== Utilization Estimates
================================================================
* Summary: 
+-----------------+---------+------+---------+--------+-----+
|       Name      | BRAM_18K|  DSP |    FF   |   LUT  | URAM|
+-----------------+---------+------+---------+--------+-----+
|DSP              |        -|     -|        -|       -|    -|
|Expression       |        -|     -|        0|      26|    -|
|FIFO             |        -|     -|        -|       -|    -|
|Instance         |        -|    80|     4880|    5264|    -|
|Memory           |        0|     -|       32|       4|    -|
|Multiplexer      |        -|     -|        -|      36|    -|
|Register         |        -|     -|     4016|      64|    -|
+-----------------+---------+------+---------+--------+-----+
|Total            |        0|    80|     8928|    5394|    0|
+-----------------+---------+------+---------+--------+-----+
|Available        |     1968|  1968|  1045440|  522720|  128|
+-----------------+---------+------+---------+--------+-----+
|Utilization (%)  |        0|     4|       ~0|       1|    0|
+-----------------+---------+------+---------+--------+-----+

+ Detail: 
    * Instance: 
    +--------------------------------------+--------------------------------+---------+----+-----+-----+-----+
    |               Instance               |             Module             | BRAM_18K| DSP|  FF | LUT | URAM|
    +--------------------------------------+--------------------------------+---------+----+-----+-----+-----+
    |fadd_32ns_32ns_32_2_full_dsp_0_U1335  |fadd_32ns_32ns_32_2_full_dsp_0  |        0|   2|  177|  194|    0|
    |fadd_32ns_32ns_32_2_full_dsp_0_U1336  |fadd_32ns_32ns_32_2_full_dsp_0  |        0|   2|  177|  194|    0|
    |fadd_32ns_32ns_32_2_full_dsp_0_U1337  |fadd_32ns_32ns_32_2_full_dsp_0  |        0|   2|  177|  194|    0|
    |fadd_32ns_32ns_32_2_full_dsp_0_U1338  |fadd_32ns_32ns_32_2_full_dsp_0  |        0|   2|  177|  194|    0|
    |fadd_32ns_32ns_32_2_full_dsp_0_U1339  |fadd_32ns_32ns_32_2_full_dsp_0  |        0|   2|  177|  194|    0|
    |fadd_32ns_32ns_32_2_full_dsp_0_U1340  |fadd_32ns_32ns_32_2_full_dsp_0  |        0|   2|  177|  194|    0|
    |fadd_32ns_32ns_32_2_full_dsp_0_U1341  |fadd_32ns_32ns_32_2_full_dsp_0  |        0|   2|  177|  194|    0|
    |fadd_32ns_32ns_32_2_full_dsp_0_U1342  |fadd_32ns_32ns_32_2_full_dsp_0  |        0|   2|  177|  194|    0|
    |fadd_32ns_32ns_32_2_full_dsp_0_U1343  |fadd_32ns_32ns_32_2_full_dsp_0  |        0|   2|  177|  194|    0|
    |fadd_32ns_32ns_32_2_full_dsp_0_U1344  |fadd_32ns_32ns_32_2_full_dsp_0  |        0|   2|  177|  194|    0|
    |fadd_32ns_32ns_32_2_full_dsp_0_U1345  |fadd_32ns_32ns_32_2_full_dsp_0  |        0|   2|  177|  194|    0|
    |fadd_32ns_32ns_32_2_full_dsp_0_U1346  |fadd_32ns_32ns_32_2_full_dsp_0  |        0|   2|  177|  194|    0|
    |fadd_32ns_32ns_32_2_full_dsp_0_U1347  |fadd_32ns_32ns_32_2_full_dsp_0  |        0|   2|  177|  194|    0|
    |fadd_32ns_32ns_32_2_full_dsp_0_U1348  |fadd_32ns_32ns_32_2_full_dsp_0  |        0|   2|  177|  194|    0|
    |fadd_32ns_32ns_32_2_full_dsp_0_U1349  |fadd_32ns_32ns_32_2_full_dsp_0  |        0|   2|  177|  194|    0|
    |fadd_32ns_32ns_32_2_full_dsp_0_U1350  |fadd_32ns_32ns_32_2_full_dsp_0  |        0|   2|  177|  194|    0|
    |fmul_32ns_32ns_32_2_max_dsp_0_U1399   |fmul_32ns_32ns_32_2_max_dsp_0   |        0|   3|  128|  135|    0|
    |fmul_32ns_32ns_32_2_max_dsp_0_U1400   |fmul_32ns_32ns_32_2_max_dsp_0   |        0|   3|  128|  135|    0|
    |fmul_32ns_32ns_32_2_max_dsp_0_U1401   |fmul_32ns_32ns_32_2_max_dsp_0   |        0|   3|  128|  135|    0|
    |fmul_32ns_32ns_32_2_max_dsp_0_U1402   |fmul_32ns_32ns_32_2_max_dsp_0   |        0|   3|  128|  135|    0|
    |fmul_32ns_32ns_32_2_max_dsp_0_U1403   |fmul_32ns_32ns_32_2_max_dsp_0   |        0|   3|  128|  135|    0|
    |fmul_32ns_32ns_32_2_max_dsp_0_U1404   |fmul_32ns_32ns_32_2_max_dsp_0   |        0|   3|  128|  135|    0|
    |fmul_32ns_32ns_32_2_max_dsp_0_U1405   |fmul_32ns_32ns_32_2_max_dsp_0   |        0|   3|  128|  135|    0|
    |fmul_32ns_32ns_32_2_max_dsp_0_U1406   |fmul_32ns_32ns_32_2_max_dsp_0   |        0|   3|  128|  135|    0|
    |fmul_32ns_32ns_32_2_max_dsp_0_U1407   |fmul_32ns_32ns_32_2_max_dsp_0   |        0|   3|  128|  135|    0|
    |fmul_32ns_32ns_32_2_max_dsp_0_U1408   |fmul_32ns_32ns_32_2_max_dsp_0   |        0|   3|  128|  135|    0|
    |fmul_32ns_32ns_32_2_max_dsp_0_U1409   |fmul_32ns_32ns_32_2_max_dsp_0   |        0|   3|  128|  135|    0|
    |fmul_32ns_32ns_32_2_max_dsp_0_U1410   |fmul_32ns_32ns_32_2_max_dsp_0   |        0|   3|  128|  135|    0|
    |fmul_32ns_32ns_32_2_max_dsp_0_U1411   |fmul_32ns_32ns_32_2_max_dsp_0   |        0|   3|  128|  135|    0|
    |fmul_32ns_32ns_32_2_max_dsp_0_U1412   |fmul_32ns_32ns_32_2_max_dsp_0   |        0|   3|  128|  135|    0|
    |fmul_32ns_32ns_32_2_max_dsp_0_U1413   |fmul_32ns_32ns_32_2_max_dsp_0   |        0|   3|  128|  135|    0|
    |fmul_32ns_32ns_32_2_max_dsp_0_U1414   |fmul_32ns_32ns_32_2_max_dsp_0   |        0|   3|  128|  135|    0|
    +--------------------------------------+--------------------------------+---------+----+-----+-----+-----+
    |Total                                 |                                |        0|  80| 4880| 5264|    0|
    +--------------------------------------+--------------------------------+---------+----+-----+-----+-----+

    * DSP: 
    N/A

    * Memory: 
    +------------+-------------------------------------------------------+---------+----+----+-----+------+-----+------+-------------+
    |   Memory   |                         Module                        | BRAM_18K| FF | LUT| URAM| Words| Bits| Banks| W*Bits*Banks|
    +------------+-------------------------------------------------------+---------+----+----+-----+------+-----+------+-------------+
    |L_inv_02_U  |acd_inversion_Pipeline_calc_Ginv_L_inv_02_ROM_AUTO_1R  |        0|  32|   4|    0|     8|   32|     1|          256|
    +------------+-------------------------------------------------------+---------+----+----+-----+------+-----+------+-------------+
    |Total       |                                                       |        0|  32|   4|    0|     8|   32|     1|          256|
    +------------+-------------------------------------------------------+---------+----+----+-----+------+-----+------+-------------+

    * FIFO: 
    N/A

    * Expression: 
    +-----------------------+----------+----+---+----+------------+------------+
    |     Variable Name     | Operation| DSP| FF| LUT| Bitwidth P0| Bitwidth P1|
    +-----------------------+----------+----+---+----+------------+------------+
    |add_ln169_fu_1918_p2   |         +|   0|  0|  12|           4|           1|
    |icmp_ln169_fu_1912_p2  |      icmp|   0|  0|  12|           4|           5|
    |ap_enable_pp0          |       xor|   0|  0|   2|           1|           2|
    +-----------------------+----------+----+---+----+------------+------------+
    |Total                  |          |   0|  0|  26|           9|           8|
    +-----------------------+----------+----+---+----+------------+------------+

    * Multiplexer: 
    +-------------------------+----+-----------+-----+-----------+
    |           Name          | LUT| Input Size| Bits| Total Bits|
    +-------------------------+----+-----------+-----+-----------+
    |ap_done_int              |   9|          2|    1|          2|
    |ap_enable_reg_pp0_iter1  |   9|          2|    1|          2|
    |ap_sig_allocacmp_i_11    |   9|          2|    4|          8|
    |i_fu_316                 |   9|          2|    4|          8|
    +-------------------------+----+-----------+-----+-----------+
    |Total                    |  36|          8|   10|         20|
    +-------------------------+----+-----------+-----+-----------+

    * Register: 
    +-----------------------------------+----+----+-----+-----------+
    |                Name               | FF | LUT| Bits| Const Bits|
    +-----------------------------------+----+----+-----+-----------+
    |ap_CS_fsm                          |   1|   0|    1|          0|
    |ap_done_reg                        |   1|   0|    1|          0|
    |ap_enable_reg_pp0_iter1            |   1|   0|    1|          0|
    |ap_enable_reg_pp0_iter10           |   1|   0|    1|          0|
    |ap_enable_reg_pp0_iter11           |   1|   0|    1|          0|
    |ap_enable_reg_pp0_iter12           |   1|   0|    1|          0|
    |ap_enable_reg_pp0_iter13           |   1|   0|    1|          0|
    |ap_enable_reg_pp0_iter14           |   1|   0|    1|          0|
    |ap_enable_reg_pp0_iter15           |   1|   0|    1|          0|
    |ap_enable_reg_pp0_iter16           |   1|   0|    1|          0|
    |ap_enable_reg_pp0_iter17           |   1|   0|    1|          0|
    |ap_enable_reg_pp0_iter18           |   1|   0|    1|          0|
    |ap_enable_reg_pp0_iter2            |   1|   0|    1|          0|
    |ap_enable_reg_pp0_iter3            |   1|   0|    1|          0|
    |ap_enable_reg_pp0_iter4            |   1|   0|    1|          0|
    |ap_enable_reg_pp0_iter5            |   1|   0|    1|          0|
    |ap_enable_reg_pp0_iter6            |   1|   0|    1|          0|
    |ap_enable_reg_pp0_iter7            |   1|   0|    1|          0|
    |ap_enable_reg_pp0_iter8            |   1|   0|    1|          0|
    |ap_enable_reg_pp0_iter9            |   1|   0|    1|          0|
    |ap_loop_exit_ready_pp0_iter10_reg  |   1|   0|    1|          0|
    |ap_loop_exit_ready_pp0_iter11_reg  |   1|   0|    1|          0|
    |ap_loop_exit_ready_pp0_iter12_reg  |   1|   0|    1|          0|
    |ap_loop_exit_ready_pp0_iter13_reg  |   1|   0|    1|          0|
    |ap_loop_exit_ready_pp0_iter14_reg  |   1|   0|    1|          0|
    |ap_loop_exit_ready_pp0_iter15_reg  |   1|   0|    1|          0|
    |ap_loop_exit_ready_pp0_iter16_reg  |   1|   0|    1|          0|
    |ap_loop_exit_ready_pp0_iter17_reg  |   1|   0|    1|          0|
    |ap_loop_exit_ready_pp0_iter1_reg   |   1|   0|    1|          0|
    |ap_loop_exit_ready_pp0_iter2_reg   |   1|   0|    1|          0|
    |ap_loop_exit_ready_pp0_iter3_reg   |   1|   0|    1|          0|
    |ap_loop_exit_ready_pp0_iter4_reg   |   1|   0|    1|          0|
    |ap_loop_exit_ready_pp0_iter5_reg   |   1|   0|    1|          0|
    |ap_loop_exit_ready_pp0_iter6_reg   |   1|   0|    1|          0|
    |ap_loop_exit_ready_pp0_iter7_reg   |   1|   0|    1|          0|
    |ap_loop_exit_ready_pp0_iter8_reg   |   1|   0|    1|          0|
    |ap_loop_exit_ready_pp0_iter9_reg   |   1|   0|    1|          0|
    |i_fu_316                           |   4|   0|    4|          0|
    |mul200_10_reg_2654                 |  32|   0|   32|          0|
    |mul200_11_reg_2751                 |  32|   0|   32|          0|
    |mul200_12_reg_2848                 |  32|   0|   32|          0|
    |mul200_13_reg_2945                 |  32|   0|   32|          0|
    |mul200_1_1_reg_2378                |  32|   0|   32|          0|
    |mul200_1_2_reg_2475                |  32|   0|   32|          0|
    |mul200_1_3_reg_2572                |  32|   0|   32|          0|
    |mul200_1_4_reg_2669                |  32|   0|   32|          0|
    |mul200_1_5_reg_2766                |  32|   0|   32|          0|
    |mul200_1_6_reg_2863                |  32|   0|   32|          0|
    |mul200_1_7_reg_2955                |  32|   0|   32|          0|
    |mul200_1_reg_2311                  |  32|   0|   32|          0|
    |mul200_2_1_reg_2388                |  32|   0|   32|          0|
    |mul200_2_2_reg_2485                |  32|   0|   32|          0|
    |mul200_2_3_reg_2582                |  32|   0|   32|          0|
    |mul200_2_4_reg_2679                |  32|   0|   32|          0|
    |mul200_2_5_reg_2776                |  32|   0|   32|          0|
    |mul200_2_6_reg_2873                |  32|   0|   32|          0|
    |mul200_2_7_reg_2965                |  32|   0|   32|          0|
    |mul200_2_reg_2316                  |  32|   0|   32|          0|
    |mul200_3_1_reg_2398                |  32|   0|   32|          0|
    |mul200_3_2_reg_2495                |  32|   0|   32|          0|
    |mul200_3_3_reg_2592                |  32|   0|   32|          0|
    |mul200_3_4_reg_2689                |  32|   0|   32|          0|
    |mul200_3_5_reg_2786                |  32|   0|   32|          0|
    |mul200_3_6_reg_2883                |  32|   0|   32|          0|
    |mul200_3_7_reg_2975                |  32|   0|   32|          0|
    |mul200_3_reg_2321                  |  32|   0|   32|          0|
    |mul200_4_1_reg_2408                |  32|   0|   32|          0|
    |mul200_4_2_reg_2505                |  32|   0|   32|          0|
    |mul200_4_3_reg_2602                |  32|   0|   32|          0|
    |mul200_4_4_reg_2699                |  32|   0|   32|          0|
    |mul200_4_5_reg_2796                |  32|   0|   32|          0|
    |mul200_4_6_reg_2893                |  32|   0|   32|          0|
    |mul200_4_7_reg_2985                |  32|   0|   32|          0|
    |mul200_4_reg_2326                  |  32|   0|   32|          0|
    |mul200_5_1_reg_2418                |  32|   0|   32|          0|
    |mul200_5_2_reg_2515                |  32|   0|   32|          0|
    |mul200_5_3_reg_2612                |  32|   0|   32|          0|
    |mul200_5_4_reg_2709                |  32|   0|   32|          0|
    |mul200_5_5_reg_2806                |  32|   0|   32|          0|
    |mul200_5_6_reg_2903                |  32|   0|   32|          0|
    |mul200_5_7_reg_2995                |  32|   0|   32|          0|
    |mul200_5_reg_2331                  |  32|   0|   32|          0|
    |mul200_6_1_reg_2428                |  32|   0|   32|          0|
    |mul200_6_2_reg_2525                |  32|   0|   32|          0|
    |mul200_6_3_reg_2622                |  32|   0|   32|          0|
    |mul200_6_4_reg_2719                |  32|   0|   32|          0|
    |mul200_6_5_reg_2816                |  32|   0|   32|          0|
    |mul200_6_6_reg_2913                |  32|   0|   32|          0|
    |mul200_6_7_reg_3005                |  32|   0|   32|          0|
    |mul200_6_reg_2336                  |  32|   0|   32|          0|
    |mul200_7_1_reg_2438                |  32|   0|   32|          0|
    |mul200_7_2_reg_2535                |  32|   0|   32|          0|
    |mul200_7_3_reg_2632                |  32|   0|   32|          0|
    |mul200_7_4_reg_2729                |  32|   0|   32|          0|
    |mul200_7_5_reg_2826                |  32|   0|   32|          0|
    |mul200_7_6_reg_2923                |  32|   0|   32|          0|
    |mul200_7_7_reg_3015                |  32|   0|   32|          0|
    |mul200_7_reg_2341                  |  32|   0|   32|          0|
    |mul200_8_reg_2460                  |  32|   0|   32|          0|
    |mul200_9_reg_2557                  |  32|   0|   32|          0|
    |mul200_s_reg_2363                  |  32|   0|   32|          0|
    |mul5_reg_2301                      |  32|   0|   32|          0|
    |sum_102_reg_2455                   |  32|   0|   32|          0|
    |sum_103_reg_2552                   |  32|   0|   32|          0|
    |sum_104_reg_2649                   |  32|   0|   32|          0|
    |sum_105_reg_2746                   |  32|   0|   32|          0|
    |sum_106_reg_2843                   |  32|   0|   32|          0|
    |sum_107_reg_2940                   |  32|   0|   32|          0|
    |sum_109_reg_2373                   |  32|   0|   32|          0|
    |sum_110_reg_2470                   |  32|   0|   32|          0|
    |sum_111_reg_2567                   |  32|   0|   32|          0|
    |sum_112_reg_2664                   |  32|   0|   32|          0|
    |sum_113_reg_2761                   |  32|   0|   32|          0|
    |sum_114_reg_2858                   |  32|   0|   32|          0|
    |sum_115_reg_2950                   |  32|   0|   32|          0|
    |sum_117_reg_2383                   |  32|   0|   32|          0|
    |sum_118_reg_2480                   |  32|   0|   32|          0|
    |sum_119_reg_2577                   |  32|   0|   32|          0|
    |sum_120_reg_2674                   |  32|   0|   32|          0|
    |sum_121_reg_2771                   |  32|   0|   32|          0|
    |sum_122_reg_2868                   |  32|   0|   32|          0|
    |sum_123_reg_2960                   |  32|   0|   32|          0|
    |sum_125_reg_2393                   |  32|   0|   32|          0|
    |sum_126_reg_2490                   |  32|   0|   32|          0|
    |sum_127_reg_2587                   |  32|   0|   32|          0|
    |sum_128_reg_2684                   |  32|   0|   32|          0|
    |sum_129_reg_2781                   |  32|   0|   32|          0|
    |sum_130_reg_2878                   |  32|   0|   32|          0|
    |sum_131_reg_2970                   |  32|   0|   32|          0|
    |sum_133_reg_2403                   |  32|   0|   32|          0|
    |sum_134_reg_2500                   |  32|   0|   32|          0|
    |sum_135_reg_2597                   |  32|   0|   32|          0|
    |sum_136_reg_2694                   |  32|   0|   32|          0|
    |sum_137_reg_2791                   |  32|   0|   32|          0|
    |sum_138_reg_2888                   |  32|   0|   32|          0|
    |sum_139_reg_2980                   |  32|   0|   32|          0|
    |sum_141_reg_2413                   |  32|   0|   32|          0|
    |sum_142_reg_2510                   |  32|   0|   32|          0|
    |sum_143_reg_2607                   |  32|   0|   32|          0|
    |sum_144_reg_2704                   |  32|   0|   32|          0|
    |sum_145_reg_2801                   |  32|   0|   32|          0|
    |sum_146_reg_2898                   |  32|   0|   32|          0|
    |sum_147_reg_2990                   |  32|   0|   32|          0|
    |sum_149_reg_2423                   |  32|   0|   32|          0|
    |sum_150_reg_2520                   |  32|   0|   32|          0|
    |sum_151_reg_2617                   |  32|   0|   32|          0|
    |sum_152_reg_2714                   |  32|   0|   32|          0|
    |sum_153_reg_2811                   |  32|   0|   32|          0|
    |sum_154_reg_2908                   |  32|   0|   32|          0|
    |sum_155_reg_3000                   |  32|   0|   32|          0|
    |sum_157_reg_2433                   |  32|   0|   32|          0|
    |sum_158_reg_2530                   |  32|   0|   32|          0|
    |sum_159_reg_2627                   |  32|   0|   32|          0|
    |sum_160_reg_2724                   |  32|   0|   32|          0|
    |sum_161_reg_2821                   |  32|   0|   32|          0|
    |sum_162_reg_2918                   |  32|   0|   32|          0|
    |sum_163_reg_3010                   |  32|   0|   32|          0|
    |sum_reg_2358                       |  32|   0|   32|          0|
    |trunc_ln169_reg_2280               |   3|   0|    3|          0|
    |zext_ln169_reg_2269                |   4|   0|   64|         60|
    |trunc_ln169_reg_2280               |  64|  32|    3|          0|
    |zext_ln169_reg_2269                |  64|  32|   64|         60|
    +-----------------------------------+----+----+-----+-----------+
    |Total                              |4016|  64| 4015|        120|
    +-----------------------------------+----+----+-----+-----------+



================================================================
== Interface
================================================================
* Summary: 
+----------------------+-----+-----+------------+----------------------------------+--------------+
|       RTL Ports      | Dir | Bits|  Protocol  |           Source Object          |    C Type    |
+----------------------+-----+-----+------------+----------------------------------+--------------+
|ap_clk                |   in|    1|  ap_ctrl_hs|  acd_inversion_Pipeline_calc_Ginv|  return value|
|ap_rst                |   in|    1|  ap_ctrl_hs|  acd_inversion_Pipeline_calc_Ginv|  return value|
|ap_start              |   in|    1|  ap_ctrl_hs|  acd_inversion_Pipeline_calc_Ginv|  return value|
|ap_done               |  out|    1|  ap_ctrl_hs|  acd_inversion_Pipeline_calc_Ginv|  return value|
|ap_idle               |  out|    1|  ap_ctrl_hs|  acd_inversion_Pipeline_calc_Ginv|  return value|
|ap_ready              |  out|    1|  ap_ctrl_hs|  acd_inversion_Pipeline_calc_Ginv|  return value|
|grp_fu_3265_p_din0    |  out|   32|  ap_ctrl_hs|  acd_inversion_Pipeline_calc_Ginv|  return value|
|grp_fu_3265_p_din1    |  out|   32|  ap_ctrl_hs|  acd_inversion_Pipeline_calc_Ginv|  return value|
|grp_fu_3265_p_opcode  |  out|    1|  ap_ctrl_hs|  acd_inversion_Pipeline_calc_Ginv|  return value|
|grp_fu_3265_p_dout0   |   in|   32|  ap_ctrl_hs|  acd_inversion_Pipeline_calc_Ginv|  return value|
|grp_fu_3265_p_ce      |  out|    1|  ap_ctrl_hs|  acd_inversion_Pipeline_calc_Ginv|  return value|
|grp_fu_8275_p_din0    |  out|   32|  ap_ctrl_hs|  acd_inversion_Pipeline_calc_Ginv|  return value|
|grp_fu_8275_p_din1    |  out|   32|  ap_ctrl_hs|  acd_inversion_Pipeline_calc_Ginv|  return value|
|grp_fu_8275_p_opcode  |  out|    1|  ap_ctrl_hs|  acd_inversion_Pipeline_calc_Ginv|  return value|
|grp_fu_8275_p_dout0   |   in|   32|  ap_ctrl_hs|  acd_inversion_Pipeline_calc_Ginv|  return value|
|grp_fu_8275_p_ce      |  out|    1|  ap_ctrl_hs|  acd_inversion_Pipeline_calc_Ginv|  return value|
|grp_fu_8279_p_din0    |  out|   32|  ap_ctrl_hs|  acd_inversion_Pipeline_calc_Ginv|  return value|
|grp_fu_8279_p_din1    |  out|   32|  ap_ctrl_hs|  acd_inversion_Pipeline_calc_Ginv|  return value|
|grp_fu_8279_p_opcode  |  out|    1|  ap_ctrl_hs|  acd_inversion_Pipeline_calc_Ginv|  return value|
|grp_fu_8279_p_dout0   |   in|   32|  ap_ctrl_hs|  acd_inversion_Pipeline_calc_Ginv|  return value|
|grp_fu_8279_p_ce      |  out|    1|  ap_ctrl_hs|  acd_inversion_Pipeline_calc_Ginv|  return value|
|grp_fu_8283_p_din0    |  out|   32|  ap_ctrl_hs|  acd_inversion_Pipeline_calc_Ginv|  return value|
|grp_fu_8283_p_din1    |  out|   32|  ap_ctrl_hs|  acd_inversion_Pipeline_calc_Ginv|  return value|
|grp_fu_8283_p_opcode  |  out|    1|  ap_ctrl_hs|  acd_inversion_Pipeline_calc_Ginv|  return value|
|grp_fu_8283_p_dout0   |   in|   32|  ap_ctrl_hs|  acd_inversion_Pipeline_calc_Ginv|  return value|
|grp_fu_8283_p_ce      |  out|    1|  ap_ctrl_hs|  acd_inversion_Pipeline_calc_Ginv|  return value|
|grp_fu_8287_p_din0    |  out|   32|  ap_ctrl_hs|  acd_inversion_Pipeline_calc_Ginv|  return value|
|grp_fu_8287_p_din1    |  out|   32|  ap_ctrl_hs|  acd_inversion_Pipeline_calc_Ginv|  return value|
|grp_fu_8287_p_opcode  |  out|    1|  ap_ctrl_hs|  acd_inversion_Pipeline_calc_Ginv|  return value|
|grp_fu_8287_p_dout0   |   in|   32|  ap_ctrl_hs|  acd_inversion_Pipeline_calc_Ginv|  return value|
|grp_fu_8287_p_ce      |  out|    1|  ap_ctrl_hs|  acd_inversion_Pipeline_calc_Ginv|  return value|
|grp_fu_8291_p_din0    |  out|   32|  ap_ctrl_hs|  acd_inversion_Pipeline_calc_Ginv|  return value|
|grp_fu_8291_p_din1    |  out|   32|  ap_ctrl_hs|  acd_inversion_Pipeline_calc_Ginv|  return value|
|grp_fu_8291_p_opcode  |  out|    1|  ap_ctrl_hs|  acd_inversion_Pipeline_calc_Ginv|  return value|
|grp_fu_8291_p_dout0   |   in|   32|  ap_ctrl_hs|  acd_inversion_Pipeline_calc_Ginv|  return value|
|grp_fu_8291_p_ce      |  out|    1|  ap_ctrl_hs|  acd_inversion_Pipeline_calc_Ginv|  return value|
|grp_fu_8295_p_din0    |  out|   32|  ap_ctrl_hs|  acd_inversion_Pipeline_calc_Ginv|  return value|
|grp_fu_8295_p_din1    |  out|   32|  ap_ctrl_hs|  acd_inversion_Pipeline_calc_Ginv|  return value|
|grp_fu_8295_p_opcode  |  out|    1|  ap_ctrl_hs|  acd_inversion_Pipeline_calc_Ginv|  return value|
|grp_fu_8295_p_dout0   |   in|   32|  ap_ctrl_hs|  acd_inversion_Pipeline_calc_Ginv|  return value|
|grp_fu_8295_p_ce      |  out|    1|  ap_ctrl_hs|  acd_inversion_Pipeline_calc_Ginv|  return value|
|grp_fu_8299_p_din0    |  out|   32|  ap_ctrl_hs|  acd_inversion_Pipeline_calc_Ginv|  return value|
|grp_fu_8299_p_din1    |  out|   32|  ap_ctrl_hs|  acd_inversion_Pipeline_calc_Ginv|  return value|
|grp_fu_8299_p_opcode  |  out|    1|  ap_ctrl_hs|  acd_inversion_Pipeline_calc_Ginv|  return value|
|grp_fu_8299_p_dout0   |   in|   32|  ap_ctrl_hs|  acd_inversion_Pipeline_calc_Ginv|  return value|
|grp_fu_8299_p_ce      |  out|    1|  ap_ctrl_hs|  acd_inversion_Pipeline_calc_Ginv|  return value|
|grp_fu_8303_p_din0    |  out|   32|  ap_ctrl_hs|  acd_inversion_Pipeline_calc_Ginv|  return value|
|grp_fu_8303_p_din1    |  out|   32|  ap_ctrl_hs|  acd_inversion_Pipeline_calc_Ginv|  return value|
|grp_fu_8303_p_opcode  |  out|    1|  ap_ctrl_hs|  acd_inversion_Pipeline_calc_Ginv|  return value|
|grp_fu_8303_p_dout0   |   in|   32|  ap_ctrl_hs|  acd_inversion_Pipeline_calc_Ginv|  return value|
|grp_fu_8303_p_ce      |  out|    1|  ap_ctrl_hs|  acd_inversion_Pipeline_calc_Ginv|  return value|
|grp_fu_8307_p_din0    |  out|   32|  ap_ctrl_hs|  acd_inversion_Pipeline_calc_Ginv|  return value|
|grp_fu_8307_p_din1    |  out|   32|  ap_ctrl_hs|  acd_inversion_Pipeline_calc_Ginv|  return value|
|grp_fu_8307_p_opcode  |  out|    1|  ap_ctrl_hs|  acd_inversion_Pipeline_calc_Ginv|  return value|
|grp_fu_8307_p_dout0   |   in|   32|  ap_ctrl_hs|  acd_inversion_Pipeline_calc_Ginv|  return value|
|grp_fu_8307_p_ce      |  out|    1|  ap_ctrl_hs|  acd_inversion_Pipeline_calc_Ginv|  return value|
|grp_fu_8311_p_din0    |  out|   32|  ap_ctrl_hs|  acd_inversion_Pipeline_calc_Ginv|  return value|
|grp_fu_8311_p_din1    |  out|   32|  ap_ctrl_hs|  acd_inversion_Pipeline_calc_Ginv|  return value|
|grp_fu_8311_p_opcode  |  out|    1|  ap_ctrl_hs|  acd_inversion_Pipeline_calc_Ginv|  return value|
|grp_fu_8311_p_dout0   |   in|   32|  ap_ctrl_hs|  acd_inversion_Pipeline_calc_Ginv|  return value|
|grp_fu_8311_p_ce      |  out|    1|  ap_ctrl_hs|  acd_inversion_Pipeline_calc_Ginv|  return value|
|grp_fu_8315_p_din0    |  out|   32|  ap_ctrl_hs|  acd_inversion_Pipeline_calc_Ginv|  return value|
|grp_fu_8315_p_din1    |  out|   32|  ap_ctrl_hs|  acd_inversion_Pipeline_calc_Ginv|  return value|
|grp_fu_8315_p_opcode  |  out|    1|  ap_ctrl_hs|  acd_inversion_Pipeline_calc_Ginv|  return value|
|grp_fu_8315_p_dout0   |   in|   32|  ap_ctrl_hs|  acd_inversion_Pipeline_calc_Ginv|  return value|
|grp_fu_8315_p_ce      |  out|    1|  ap_ctrl_hs|  acd_inversion_Pipeline_calc_Ginv|  return value|
|grp_fu_8319_p_din0    |  out|   32|  ap_ctrl_hs|  acd_inversion_Pipeline_calc_Ginv|  return value|
|grp_fu_8319_p_din1    |  out|   32|  ap_ctrl_hs|  acd_inversion_Pipeline_calc_Ginv|  return value|
|grp_fu_8319_p_opcode  |  out|    1|  ap_ctrl_hs|  acd_inversion_Pipeline_calc_Ginv|  return value|
|grp_fu_8319_p_dout0   |   in|   32|  ap_ctrl_hs|  acd_inversion_Pipeline_calc_Ginv|  return value|
|grp_fu_8319_p_ce      |  out|    1|  ap_ctrl_hs|  acd_inversion_Pipeline_calc_Ginv|  return value|
|grp_fu_8323_p_din0    |  out|   32|  ap_ctrl_hs|  acd_inversion_Pipeline_calc_Ginv|  return value|
|grp_fu_8323_p_din1    |  out|   32|  ap_ctrl_hs|  acd_inversion_Pipeline_calc_Ginv|  return value|
|grp_fu_8323_p_opcode  |  out|    1|  ap_ctrl_hs|  acd_inversion_Pipeline_calc_Ginv|  return value|
|grp_fu_8323_p_dout0   |   in|   32|  ap_ctrl_hs|  acd_inversion_Pipeline_calc_Ginv|  return value|
|grp_fu_8323_p_ce      |  out|    1|  ap_ctrl_hs|  acd_inversion_Pipeline_calc_Ginv|  return value|
|grp_fu_8327_p_din0    |  out|   32|  ap_ctrl_hs|  acd_inversion_Pipeline_calc_Ginv|  return value|
|grp_fu_8327_p_din1    |  out|   32|  ap_ctrl_hs|  acd_inversion_Pipeline_calc_Ginv|  return value|
|grp_fu_8327_p_opcode  |  out|    1|  ap_ctrl_hs|  acd_inversion_Pipeline_calc_Ginv|  return value|
|grp_fu_8327_p_dout0   |   in|   32|  ap_ctrl_hs|  acd_inversion_Pipeline_calc_Ginv|  return value|
|grp_fu_8327_p_ce      |  out|    1|  ap_ctrl_hs|  acd_inversion_Pipeline_calc_Ginv|  return value|
|grp_fu_8331_p_din0    |  out|   32|  ap_ctrl_hs|  acd_inversion_Pipeline_calc_Ginv|  return value|
|grp_fu_8331_p_din1    |  out|   32|  ap_ctrl_hs|  acd_inversion_Pipeline_calc_Ginv|  return value|
|grp_fu_8331_p_opcode  |  out|    1|  ap_ctrl_hs|  acd_inversion_Pipeline_calc_Ginv|  return value|
|grp_fu_8331_p_dout0   |   in|   32|  ap_ctrl_hs|  acd_inversion_Pipeline_calc_Ginv|  return value|
|grp_fu_8331_p_ce      |  out|    1|  ap_ctrl_hs|  acd_inversion_Pipeline_calc_Ginv|  return value|
|grp_fu_8335_p_din0    |  out|   32|  ap_ctrl_hs|  acd_inversion_Pipeline_calc_Ginv|  return value|
|grp_fu_8335_p_din1    |  out|   32|  ap_ctrl_hs|  acd_inversion_Pipeline_calc_Ginv|  return value|
|grp_fu_8335_p_opcode  |  out|    1|  ap_ctrl_hs|  acd_inversion_Pipeline_calc_Ginv|  return value|
|grp_fu_8335_p_dout0   |   in|   32|  ap_ctrl_hs|  acd_inversion_Pipeline_calc_Ginv|  return value|
|grp_fu_8335_p_ce      |  out|    1|  ap_ctrl_hs|  acd_inversion_Pipeline_calc_Ginv|  return value|
|grp_fu_8339_p_din0    |  out|   32|  ap_ctrl_hs|  acd_inversion_Pipeline_calc_Ginv|  return value|
|grp_fu_8339_p_din1    |  out|   32|  ap_ctrl_hs|  acd_inversion_Pipeline_calc_Ginv|  return value|
|grp_fu_8339_p_opcode  |  out|    1|  ap_ctrl_hs|  acd_inversion_Pipeline_calc_Ginv|  return value|
|grp_fu_8339_p_dout0   |   in|   32|  ap_ctrl_hs|  acd_inversion_Pipeline_calc_Ginv|  return value|
|grp_fu_8339_p_ce      |  out|    1|  ap_ctrl_hs|  acd_inversion_Pipeline_calc_Ginv|  return value|
|grp_fu_8343_p_din0    |  out|   32|  ap_ctrl_hs|  acd_inversion_Pipeline_calc_Ginv|  return value|
|grp_fu_8343_p_din1    |  out|   32|  ap_ctrl_hs|  acd_inversion_Pipeline_calc_Ginv|  return value|
|grp_fu_8343_p_opcode  |  out|    1|  ap_ctrl_hs|  acd_inversion_Pipeline_calc_Ginv|  return value|
|grp_fu_8343_p_dout0   |   in|   32|  ap_ctrl_hs|  acd_inversion_Pipeline_calc_Ginv|  return value|
|grp_fu_8343_p_ce      |  out|    1|  ap_ctrl_hs|  acd_inversion_Pipeline_calc_Ginv|  return value|
|grp_fu_8347_p_din0    |  out|   32|  ap_ctrl_hs|  acd_inversion_Pipeline_calc_Ginv|  return value|
|grp_fu_8347_p_din1    |  out|   32|  ap_ctrl_hs|  acd_inversion_Pipeline_calc_Ginv|  return value|
|grp_fu_8347_p_opcode  |  out|    1|  ap_ctrl_hs|  acd_inversion_Pipeline_calc_Ginv|  return value|
|grp_fu_8347_p_dout0   |   in|   32|  ap_ctrl_hs|  acd_inversion_Pipeline_calc_Ginv|  return value|
|grp_fu_8347_p_ce      |  out|    1|  ap_ctrl_hs|  acd_inversion_Pipeline_calc_Ginv|  return value|
|grp_fu_8351_p_din0    |  out|   32|  ap_ctrl_hs|  acd_inversion_Pipeline_calc_Ginv|  return value|
|grp_fu_8351_p_din1    |  out|   32|  ap_ctrl_hs|  acd_inversion_Pipeline_calc_Ginv|  return value|
|grp_fu_8351_p_opcode  |  out|    1|  ap_ctrl_hs|  acd_inversion_Pipeline_calc_Ginv|  return value|
|grp_fu_8351_p_dout0   |   in|   32|  ap_ctrl_hs|  acd_inversion_Pipeline_calc_Ginv|  return value|
|grp_fu_8351_p_ce      |  out|    1|  ap_ctrl_hs|  acd_inversion_Pipeline_calc_Ginv|  return value|
|grp_fu_8355_p_din0    |  out|   32|  ap_ctrl_hs|  acd_inversion_Pipeline_calc_Ginv|  return value|
|grp_fu_8355_p_din1    |  out|   32|  ap_ctrl_hs|  acd_inversion_Pipeline_calc_Ginv|  return value|
|grp_fu_8355_p_opcode  |  out|    1|  ap_ctrl_hs|  acd_inversion_Pipeline_calc_Ginv|  return value|
|grp_fu_8355_p_dout0   |   in|   32|  ap_ctrl_hs|  acd_inversion_Pipeline_calc_Ginv|  return value|
|grp_fu_8355_p_ce      |  out|    1|  ap_ctrl_hs|  acd_inversion_Pipeline_calc_Ginv|  return value|
|grp_fu_8359_p_din0    |  out|   32|  ap_ctrl_hs|  acd_inversion_Pipeline_calc_Ginv|  return value|
|grp_fu_8359_p_din1    |  out|   32|  ap_ctrl_hs|  acd_inversion_Pipeline_calc_Ginv|  return value|
|grp_fu_8359_p_opcode  |  out|    1|  ap_ctrl_hs|  acd_inversion_Pipeline_calc_Ginv|  return value|
|grp_fu_8359_p_dout0   |   in|   32|  ap_ctrl_hs|  acd_inversion_Pipeline_calc_Ginv|  return value|
|grp_fu_8359_p_ce      |  out|    1|  ap_ctrl_hs|  acd_inversion_Pipeline_calc_Ginv|  return value|
|grp_fu_8363_p_din0    |  out|   32|  ap_ctrl_hs|  acd_inversion_Pipeline_calc_Ginv|  return value|
|grp_fu_8363_p_din1    |  out|   32|  ap_ctrl_hs|  acd_inversion_Pipeline_calc_Ginv|  return value|
|grp_fu_8363_p_opcode  |  out|    1|  ap_ctrl_hs|  acd_inversion_Pipeline_calc_Ginv|  return value|
|grp_fu_8363_p_dout0   |   in|   32|  ap_ctrl_hs|  acd_inversion_Pipeline_calc_Ginv|  return value|
|grp_fu_8363_p_ce      |  out|    1|  ap_ctrl_hs|  acd_inversion_Pipeline_calc_Ginv|  return value|
|grp_fu_8367_p_din0    |  out|   32|  ap_ctrl_hs|  acd_inversion_Pipeline_calc_Ginv|  return value|
|grp_fu_8367_p_din1    |  out|   32|  ap_ctrl_hs|  acd_inversion_Pipeline_calc_Ginv|  return value|
|grp_fu_8367_p_opcode  |  out|    1|  ap_ctrl_hs|  acd_inversion_Pipeline_calc_Ginv|  return value|
|grp_fu_8367_p_dout0   |   in|   32|  ap_ctrl_hs|  acd_inversion_Pipeline_calc_Ginv|  return value|
|grp_fu_8367_p_ce      |  out|    1|  ap_ctrl_hs|  acd_inversion_Pipeline_calc_Ginv|  return value|
|grp_fu_8371_p_din0    |  out|   32|  ap_ctrl_hs|  acd_inversion_Pipeline_calc_Ginv|  return value|
|grp_fu_8371_p_din1    |  out|   32|  ap_ctrl_hs|  acd_inversion_Pipeline_calc_Ginv|  return value|
|grp_fu_8371_p_opcode  |  out|    1|  ap_ctrl_hs|  acd_inversion_Pipeline_calc_Ginv|  return value|
|grp_fu_8371_p_dout0   |   in|   32|  ap_ctrl_hs|  acd_inversion_Pipeline_calc_Ginv|  return value|
|grp_fu_8371_p_ce      |  out|    1|  ap_ctrl_hs|  acd_inversion_Pipeline_calc_Ginv|  return value|
|grp_fu_8375_p_din0    |  out|   32|  ap_ctrl_hs|  acd_inversion_Pipeline_calc_Ginv|  return value|
|grp_fu_8375_p_din1    |  out|   32|  ap_ctrl_hs|  acd_inversion_Pipeline_calc_Ginv|  return value|
|grp_fu_8375_p_opcode  |  out|    1|  ap_ctrl_hs|  acd_inversion_Pipeline_calc_Ginv|  return value|
|grp_fu_8375_p_dout0   |   in|   32|  ap_ctrl_hs|  acd_inversion_Pipeline_calc_Ginv|  return value|
|grp_fu_8375_p_ce      |  out|    1|  ap_ctrl_hs|  acd_inversion_Pipeline_calc_Ginv|  return value|
|grp_fu_8379_p_din0    |  out|   32|  ap_ctrl_hs|  acd_inversion_Pipeline_calc_Ginv|  return value|
|grp_fu_8379_p_din1    |  out|   32|  ap_ctrl_hs|  acd_inversion_Pipeline_calc_Ginv|  return value|
|grp_fu_8379_p_opcode  |  out|    1|  ap_ctrl_hs|  acd_inversion_Pipeline_calc_Ginv|  return value|
|grp_fu_8379_p_dout0   |   in|   32|  ap_ctrl_hs|  acd_inversion_Pipeline_calc_Ginv|  return value|
|grp_fu_8379_p_ce      |  out|    1|  ap_ctrl_hs|  acd_inversion_Pipeline_calc_Ginv|  return value|
|grp_fu_8383_p_din0    |  out|   32|  ap_ctrl_hs|  acd_inversion_Pipeline_calc_Ginv|  return value|
|grp_fu_8383_p_din1    |  out|   32|  ap_ctrl_hs|  acd_inversion_Pipeline_calc_Ginv|  return value|
|grp_fu_8383_p_opcode  |  out|    1|  ap_ctrl_hs|  acd_inversion_Pipeline_calc_Ginv|  return value|
|grp_fu_8383_p_dout0   |   in|   32|  ap_ctrl_hs|  acd_inversion_Pipeline_calc_Ginv|  return value|
|grp_fu_8383_p_ce      |  out|    1|  ap_ctrl_hs|  acd_inversion_Pipeline_calc_Ginv|  return value|
|grp_fu_8387_p_din0    |  out|   32|  ap_ctrl_hs|  acd_inversion_Pipeline_calc_Ginv|  return value|
|grp_fu_8387_p_din1    |  out|   32|  ap_ctrl_hs|  acd_inversion_Pipeline_calc_Ginv|  return value|
|grp_fu_8387_p_opcode  |  out|    1|  ap_ctrl_hs|  acd_inversion_Pipeline_calc_Ginv|  return value|
|grp_fu_8387_p_dout0   |   in|   32|  ap_ctrl_hs|  acd_inversion_Pipeline_calc_Ginv|  return value|
|grp_fu_8387_p_ce      |  out|    1|  ap_ctrl_hs|  acd_inversion_Pipeline_calc_Ginv|  return value|
|grp_fu_8391_p_din0    |  out|   32|  ap_ctrl_hs|  acd_inversion_Pipeline_calc_Ginv|  return value|
|grp_fu_8391_p_din1    |  out|   32|  ap_ctrl_hs|  acd_inversion_Pipeline_calc_Ginv|  return value|
|grp_fu_8391_p_opcode  |  out|    1|  ap_ctrl_hs|  acd_inversion_Pipeline_calc_Ginv|  return value|
|grp_fu_8391_p_dout0   |   in|   32|  ap_ctrl_hs|  acd_inversion_Pipeline_calc_Ginv|  return value|
|grp_fu_8391_p_ce      |  out|    1|  ap_ctrl_hs|  acd_inversion_Pipeline_calc_Ginv|  return value|
|grp_fu_8395_p_din0    |  out|   32|  ap_ctrl_hs|  acd_inversion_Pipeline_calc_Ginv|  return value|
|grp_fu_8395_p_din1    |  out|   32|  ap_ctrl_hs|  acd_inversion_Pipeline_calc_Ginv|  return value|
|grp_fu_8395_p_opcode  |  out|    1|  ap_ctrl_hs|  acd_inversion_Pipeline_calc_Ginv|  return value|
|grp_fu_8395_p_dout0   |   in|   32|  ap_ctrl_hs|  acd_inversion_Pipeline_calc_Ginv|  return value|
|grp_fu_8395_p_ce      |  out|    1|  ap_ctrl_hs|  acd_inversion_Pipeline_calc_Ginv|  return value|
|grp_fu_8399_p_din0    |  out|   32|  ap_ctrl_hs|  acd_inversion_Pipeline_calc_Ginv|  return value|
|grp_fu_8399_p_din1    |  out|   32|  ap_ctrl_hs|  acd_inversion_Pipeline_calc_Ginv|  return value|
|grp_fu_8399_p_opcode  |  out|    1|  ap_ctrl_hs|  acd_inversion_Pipeline_calc_Ginv|  return value|
|grp_fu_8399_p_dout0   |   in|   32|  ap_ctrl_hs|  acd_inversion_Pipeline_calc_Ginv|  return value|
|grp_fu_8399_p_ce      |  out|    1|  ap_ctrl_hs|  acd_inversion_Pipeline_calc_Ginv|  return value|
|grp_fu_8403_p_din0    |  out|   32|  ap_ctrl_hs|  acd_inversion_Pipeline_calc_Ginv|  return value|
|grp_fu_8403_p_din1    |  out|   32|  ap_ctrl_hs|  acd_inversion_Pipeline_calc_Ginv|  return value|
|grp_fu_8403_p_opcode  |  out|    1|  ap_ctrl_hs|  acd_inversion_Pipeline_calc_Ginv|  return value|
|grp_fu_8403_p_dout0   |   in|   32|  ap_ctrl_hs|  acd_inversion_Pipeline_calc_Ginv|  return value|
|grp_fu_8403_p_ce      |  out|    1|  ap_ctrl_hs|  acd_inversion_Pipeline_calc_Ginv|  return value|
|grp_fu_8407_p_din0    |  out|   32|  ap_ctrl_hs|  acd_inversion_Pipeline_calc_Ginv|  return value|
|grp_fu_8407_p_din1    |  out|   32|  ap_ctrl_hs|  acd_inversion_Pipeline_calc_Ginv|  return value|
|grp_fu_8407_p_opcode  |  out|    1|  ap_ctrl_hs|  acd_inversion_Pipeline_calc_Ginv|  return value|
|grp_fu_8407_p_dout0   |   in|   32|  ap_ctrl_hs|  acd_inversion_Pipeline_calc_Ginv|  return value|
|grp_fu_8407_p_ce      |  out|    1|  ap_ctrl_hs|  acd_inversion_Pipeline_calc_Ginv|  return value|
|grp_fu_8411_p_din0    |  out|   32|  ap_ctrl_hs|  acd_inversion_Pipeline_calc_Ginv|  return value|
|grp_fu_8411_p_din1    |  out|   32|  ap_ctrl_hs|  acd_inversion_Pipeline_calc_Ginv|  return value|
|grp_fu_8411_p_opcode  |  out|    1|  ap_ctrl_hs|  acd_inversion_Pipeline_calc_Ginv|  return value|
|grp_fu_8411_p_dout0   |   in|   32|  ap_ctrl_hs|  acd_inversion_Pipeline_calc_Ginv|  return value|
|grp_fu_8411_p_ce      |  out|    1|  ap_ctrl_hs|  acd_inversion_Pipeline_calc_Ginv|  return value|
|grp_fu_8415_p_din0    |  out|   32|  ap_ctrl_hs|  acd_inversion_Pipeline_calc_Ginv|  return value|
|grp_fu_8415_p_din1    |  out|   32|  ap_ctrl_hs|  acd_inversion_Pipeline_calc_Ginv|  return value|
|grp_fu_8415_p_opcode  |  out|    1|  ap_ctrl_hs|  acd_inversion_Pipeline_calc_Ginv|  return value|
|grp_fu_8415_p_dout0   |   in|   32|  ap_ctrl_hs|  acd_inversion_Pipeline_calc_Ginv|  return value|
|grp_fu_8415_p_ce      |  out|    1|  ap_ctrl_hs|  acd_inversion_Pipeline_calc_Ginv|  return value|
|grp_fu_8419_p_din0    |  out|   32|  ap_ctrl_hs|  acd_inversion_Pipeline_calc_Ginv|  return value|
|grp_fu_8419_p_din1    |  out|   32|  ap_ctrl_hs|  acd_inversion_Pipeline_calc_Ginv|  return value|
|grp_fu_8419_p_opcode  |  out|    1|  ap_ctrl_hs|  acd_inversion_Pipeline_calc_Ginv|  return value|
|grp_fu_8419_p_dout0   |   in|   32|  ap_ctrl_hs|  acd_inversion_Pipeline_calc_Ginv|  return value|
|grp_fu_8419_p_ce      |  out|    1|  ap_ctrl_hs|  acd_inversion_Pipeline_calc_Ginv|  return value|
|grp_fu_8423_p_din0    |  out|   32|  ap_ctrl_hs|  acd_inversion_Pipeline_calc_Ginv|  return value|
|grp_fu_8423_p_din1    |  out|   32|  ap_ctrl_hs|  acd_inversion_Pipeline_calc_Ginv|  return value|
|grp_fu_8423_p_opcode  |  out|    1|  ap_ctrl_hs|  acd_inversion_Pipeline_calc_Ginv|  return value|
|grp_fu_8423_p_dout0   |   in|   32|  ap_ctrl_hs|  acd_inversion_Pipeline_calc_Ginv|  return value|
|grp_fu_8423_p_ce      |  out|    1|  ap_ctrl_hs|  acd_inversion_Pipeline_calc_Ginv|  return value|
|grp_fu_8427_p_din0    |  out|   32|  ap_ctrl_hs|  acd_inversion_Pipeline_calc_Ginv|  return value|
|grp_fu_8427_p_din1    |  out|   32|  ap_ctrl_hs|  acd_inversion_Pipeline_calc_Ginv|  return value|
|grp_fu_8427_p_opcode  |  out|    1|  ap_ctrl_hs|  acd_inversion_Pipeline_calc_Ginv|  return value|
|grp_fu_8427_p_dout0   |   in|   32|  ap_ctrl_hs|  acd_inversion_Pipeline_calc_Ginv|  return value|
|grp_fu_8427_p_ce      |  out|    1|  ap_ctrl_hs|  acd_inversion_Pipeline_calc_Ginv|  return value|
|grp_fu_8431_p_din0    |  out|   32|  ap_ctrl_hs|  acd_inversion_Pipeline_calc_Ginv|  return value|
|grp_fu_8431_p_din1    |  out|   32|  ap_ctrl_hs|  acd_inversion_Pipeline_calc_Ginv|  return value|
|grp_fu_8431_p_opcode  |  out|    1|  ap_ctrl_hs|  acd_inversion_Pipeline_calc_Ginv|  return value|
|grp_fu_8431_p_dout0   |   in|   32|  ap_ctrl_hs|  acd_inversion_Pipeline_calc_Ginv|  return value|
|grp_fu_8431_p_ce      |  out|    1|  ap_ctrl_hs|  acd_inversion_Pipeline_calc_Ginv|  return value|
|grp_fu_8435_p_din0    |  out|   32|  ap_ctrl_hs|  acd_inversion_Pipeline_calc_Ginv|  return value|
|grp_fu_8435_p_din1    |  out|   32|  ap_ctrl_hs|  acd_inversion_Pipeline_calc_Ginv|  return value|
|grp_fu_8435_p_opcode  |  out|    1|  ap_ctrl_hs|  acd_inversion_Pipeline_calc_Ginv|  return value|
|grp_fu_8435_p_dout0   |   in|   32|  ap_ctrl_hs|  acd_inversion_Pipeline_calc_Ginv|  return value|
|grp_fu_8435_p_ce      |  out|    1|  ap_ctrl_hs|  acd_inversion_Pipeline_calc_Ginv|  return value|
|grp_fu_8439_p_din0    |  out|   32|  ap_ctrl_hs|  acd_inversion_Pipeline_calc_Ginv|  return value|
|grp_fu_8439_p_din1    |  out|   32|  ap_ctrl_hs|  acd_inversion_Pipeline_calc_Ginv|  return value|
|grp_fu_8439_p_opcode  |  out|    1|  ap_ctrl_hs|  acd_inversion_Pipeline_calc_Ginv|  return value|
|grp_fu_8439_p_dout0   |   in|   32|  ap_ctrl_hs|  acd_inversion_Pipeline_calc_Ginv|  return value|
|grp_fu_8439_p_ce      |  out|    1|  ap_ctrl_hs|  acd_inversion_Pipeline_calc_Ginv|  return value|
|grp_fu_8443_p_din0    |  out|   32|  ap_ctrl_hs|  acd_inversion_Pipeline_calc_Ginv|  return value|
|grp_fu_8443_p_din1    |  out|   32|  ap_ctrl_hs|  acd_inversion_Pipeline_calc_Ginv|  return value|
|grp_fu_8443_p_opcode  |  out|    1|  ap_ctrl_hs|  acd_inversion_Pipeline_calc_Ginv|  return value|
|grp_fu_8443_p_dout0   |   in|   32|  ap_ctrl_hs|  acd_inversion_Pipeline_calc_Ginv|  return value|
|grp_fu_8443_p_ce      |  out|    1|  ap_ctrl_hs|  acd_inversion_Pipeline_calc_Ginv|  return value|
|grp_fu_8447_p_din0    |  out|   32|  ap_ctrl_hs|  acd_inversion_Pipeline_calc_Ginv|  return value|
|grp_fu_8447_p_din1    |  out|   32|  ap_ctrl_hs|  acd_inversion_Pipeline_calc_Ginv|  return value|
|grp_fu_8447_p_opcode  |  out|    1|  ap_ctrl_hs|  acd_inversion_Pipeline_calc_Ginv|  return value|
|grp_fu_8447_p_dout0   |   in|   32|  ap_ctrl_hs|  acd_inversion_Pipeline_calc_Ginv|  return value|
|grp_fu_8447_p_ce      |  out|    1|  ap_ctrl_hs|  acd_inversion_Pipeline_calc_Ginv|  return value|
|grp_fu_8451_p_din0    |  out|   32|  ap_ctrl_hs|  acd_inversion_Pipeline_calc_Ginv|  return value|
|grp_fu_8451_p_din1    |  out|   32|  ap_ctrl_hs|  acd_inversion_Pipeline_calc_Ginv|  return value|
|grp_fu_8451_p_opcode  |  out|    1|  ap_ctrl_hs|  acd_inversion_Pipeline_calc_Ginv|  return value|
|grp_fu_8451_p_dout0   |   in|   32|  ap_ctrl_hs|  acd_inversion_Pipeline_calc_Ginv|  return value|
|grp_fu_8451_p_ce      |  out|    1|  ap_ctrl_hs|  acd_inversion_Pipeline_calc_Ginv|  return value|
|grp_fu_8455_p_din0    |  out|   32|  ap_ctrl_hs|  acd_inversion_Pipeline_calc_Ginv|  return value|
|grp_fu_8455_p_din1    |  out|   32|  ap_ctrl_hs|  acd_inversion_Pipeline_calc_Ginv|  return value|
|grp_fu_8455_p_opcode  |  out|    1|  ap_ctrl_hs|  acd_inversion_Pipeline_calc_Ginv|  return value|
|grp_fu_8455_p_dout0   |   in|   32|  ap_ctrl_hs|  acd_inversion_Pipeline_calc_Ginv|  return value|
|grp_fu_8455_p_ce      |  out|    1|  ap_ctrl_hs|  acd_inversion_Pipeline_calc_Ginv|  return value|
|grp_fu_8459_p_din0    |  out|   32|  ap_ctrl_hs|  acd_inversion_Pipeline_calc_Ginv|  return value|
|grp_fu_8459_p_din1    |  out|   32|  ap_ctrl_hs|  acd_inversion_Pipeline_calc_Ginv|  return value|
|grp_fu_8459_p_opcode  |  out|    1|  ap_ctrl_hs|  acd_inversion_Pipeline_calc_Ginv|  return value|
|grp_fu_8459_p_dout0   |   in|   32|  ap_ctrl_hs|  acd_inversion_Pipeline_calc_Ginv|  return value|
|grp_fu_8459_p_ce      |  out|    1|  ap_ctrl_hs|  acd_inversion_Pipeline_calc_Ginv|  return value|
|grp_fu_3283_p_din0    |  out|   32|  ap_ctrl_hs|  acd_inversion_Pipeline_calc_Ginv|  return value|
|grp_fu_3283_p_din1    |  out|   32|  ap_ctrl_hs|  acd_inversion_Pipeline_calc_Ginv|  return value|
|grp_fu_3283_p_dout0   |   in|   32|  ap_ctrl_hs|  acd_inversion_Pipeline_calc_Ginv|  return value|
|grp_fu_3283_p_ce      |  out|    1|  ap_ctrl_hs|  acd_inversion_Pipeline_calc_Ginv|  return value|
|grp_fu_3287_p_din0    |  out|   32|  ap_ctrl_hs|  acd_inversion_Pipeline_calc_Ginv|  return value|
|grp_fu_3287_p_din1    |  out|   32|  ap_ctrl_hs|  acd_inversion_Pipeline_calc_Ginv|  return value|
|grp_fu_3287_p_dout0   |   in|   32|  ap_ctrl_hs|  acd_inversion_Pipeline_calc_Ginv|  return value|
|grp_fu_3287_p_ce      |  out|    1|  ap_ctrl_hs|  acd_inversion_Pipeline_calc_Ginv|  return value|
|grp_fu_8251_p_din0    |  out|   32|  ap_ctrl_hs|  acd_inversion_Pipeline_calc_Ginv|  return value|
|grp_fu_8251_p_din1    |  out|   32|  ap_ctrl_hs|  acd_inversion_Pipeline_calc_Ginv|  return value|
|grp_fu_8251_p_dout0   |   in|   32|  ap_ctrl_hs|  acd_inversion_Pipeline_calc_Ginv|  return value|
|grp_fu_8251_p_ce      |  out|    1|  ap_ctrl_hs|  acd_inversion_Pipeline_calc_Ginv|  return value|
|grp_fu_8255_p_din0    |  out|   32|  ap_ctrl_hs|  acd_inversion_Pipeline_calc_Ginv|  return value|
|grp_fu_8255_p_din1    |  out|   32|  ap_ctrl_hs|  acd_inversion_Pipeline_calc_Ginv|  return value|
|grp_fu_8255_p_dout0   |   in|   32|  ap_ctrl_hs|  acd_inversion_Pipeline_calc_Ginv|  return value|
|grp_fu_8255_p_ce      |  out|    1|  ap_ctrl_hs|  acd_inversion_Pipeline_calc_Ginv|  return value|
|grp_fu_8259_p_din0    |  out|   32|  ap_ctrl_hs|  acd_inversion_Pipeline_calc_Ginv|  return value|
|grp_fu_8259_p_din1    |  out|   32|  ap_ctrl_hs|  acd_inversion_Pipeline_calc_Ginv|  return value|
|grp_fu_8259_p_dout0   |   in|   32|  ap_ctrl_hs|  acd_inversion_Pipeline_calc_Ginv|  return value|
|grp_fu_8259_p_ce      |  out|    1|  ap_ctrl_hs|  acd_inversion_Pipeline_calc_Ginv|  return value|
|grp_fu_8263_p_din0    |  out|   32|  ap_ctrl_hs|  acd_inversion_Pipeline_calc_Ginv|  return value|
|grp_fu_8263_p_din1    |  out|   32|  ap_ctrl_hs|  acd_inversion_Pipeline_calc_Ginv|  return value|
|grp_fu_8263_p_dout0   |   in|   32|  ap_ctrl_hs|  acd_inversion_Pipeline_calc_Ginv|  return value|
|grp_fu_8263_p_ce      |  out|    1|  ap_ctrl_hs|  acd_inversion_Pipeline_calc_Ginv|  return value|
|grp_fu_8267_p_din0    |  out|   32|  ap_ctrl_hs|  acd_inversion_Pipeline_calc_Ginv|  return value|
|grp_fu_8267_p_din1    |  out|   32|  ap_ctrl_hs|  acd_inversion_Pipeline_calc_Ginv|  return value|
|grp_fu_8267_p_dout0   |   in|   32|  ap_ctrl_hs|  acd_inversion_Pipeline_calc_Ginv|  return value|
|grp_fu_8267_p_ce      |  out|    1|  ap_ctrl_hs|  acd_inversion_Pipeline_calc_Ginv|  return value|
|grp_fu_8271_p_din0    |  out|   32|  ap_ctrl_hs|  acd_inversion_Pipeline_calc_Ginv|  return value|
|grp_fu_8271_p_din1    |  out|   32|  ap_ctrl_hs|  acd_inversion_Pipeline_calc_Ginv|  return value|
|grp_fu_8271_p_dout0   |   in|   32|  ap_ctrl_hs|  acd_inversion_Pipeline_calc_Ginv|  return value|
|grp_fu_8271_p_ce      |  out|    1|  ap_ctrl_hs|  acd_inversion_Pipeline_calc_Ginv|  return value|
|grp_fu_8463_p_din0    |  out|   32|  ap_ctrl_hs|  acd_inversion_Pipeline_calc_Ginv|  return value|
|grp_fu_8463_p_din1    |  out|   32|  ap_ctrl_hs|  acd_inversion_Pipeline_calc_Ginv|  return value|
|grp_fu_8463_p_dout0   |   in|   32|  ap_ctrl_hs|  acd_inversion_Pipeline_calc_Ginv|  return value|
|grp_fu_8463_p_ce      |  out|    1|  ap_ctrl_hs|  acd_inversion_Pipeline_calc_Ginv|  return value|
|grp_fu_8467_p_din0    |  out|   32|  ap_ctrl_hs|  acd_inversion_Pipeline_calc_Ginv|  return value|
|grp_fu_8467_p_din1    |  out|   32|  ap_ctrl_hs|  acd_inversion_Pipeline_calc_Ginv|  return value|
|grp_fu_8467_p_dout0   |   in|   32|  ap_ctrl_hs|  acd_inversion_Pipeline_calc_Ginv|  return value|
|grp_fu_8467_p_ce      |  out|    1|  ap_ctrl_hs|  acd_inversion_Pipeline_calc_Ginv|  return value|
|grp_fu_8471_p_din0    |  out|   32|  ap_ctrl_hs|  acd_inversion_Pipeline_calc_Ginv|  return value|
|grp_fu_8471_p_din1    |  out|   32|  ap_ctrl_hs|  acd_inversion_Pipeline_calc_Ginv|  return value|
|grp_fu_8471_p_dout0   |   in|   32|  ap_ctrl_hs|  acd_inversion_Pipeline_calc_Ginv|  return value|
|grp_fu_8471_p_ce      |  out|    1|  ap_ctrl_hs|  acd_inversion_Pipeline_calc_Ginv|  return value|
|grp_fu_8475_p_din0    |  out|   32|  ap_ctrl_hs|  acd_inversion_Pipeline_calc_Ginv|  return value|
|grp_fu_8475_p_din1    |  out|   32|  ap_ctrl_hs|  acd_inversion_Pipeline_calc_Ginv|  return value|
|grp_fu_8475_p_dout0   |   in|   32|  ap_ctrl_hs|  acd_inversion_Pipeline_calc_Ginv|  return value|
|grp_fu_8475_p_ce      |  out|    1|  ap_ctrl_hs|  acd_inversion_Pipeline_calc_Ginv|  return value|
|grp_fu_8479_p_din0    |  out|   32|  ap_ctrl_hs|  acd_inversion_Pipeline_calc_Ginv|  return value|
|grp_fu_8479_p_din1    |  out|   32|  ap_ctrl_hs|  acd_inversion_Pipeline_calc_Ginv|  return value|
|grp_fu_8479_p_dout0   |   in|   32|  ap_ctrl_hs|  acd_inversion_Pipeline_calc_Ginv|  return value|
|grp_fu_8479_p_ce      |  out|    1|  ap_ctrl_hs|  acd_inversion_Pipeline_calc_Ginv|  return value|
|grp_fu_8483_p_din0    |  out|   32|  ap_ctrl_hs|  acd_inversion_Pipeline_calc_Ginv|  return value|
|grp_fu_8483_p_din1    |  out|   32|  ap_ctrl_hs|  acd_inversion_Pipeline_calc_Ginv|  return value|
|grp_fu_8483_p_dout0   |   in|   32|  ap_ctrl_hs|  acd_inversion_Pipeline_calc_Ginv|  return value|
|grp_fu_8483_p_ce      |  out|    1|  ap_ctrl_hs|  acd_inversion_Pipeline_calc_Ginv|  return value|
|grp_fu_8487_p_din0    |  out|   32|  ap_ctrl_hs|  acd_inversion_Pipeline_calc_Ginv|  return value|
|grp_fu_8487_p_din1    |  out|   32|  ap_ctrl_hs|  acd_inversion_Pipeline_calc_Ginv|  return value|
|grp_fu_8487_p_dout0   |   in|   32|  ap_ctrl_hs|  acd_inversion_Pipeline_calc_Ginv|  return value|
|grp_fu_8487_p_ce      |  out|    1|  ap_ctrl_hs|  acd_inversion_Pipeline_calc_Ginv|  return value|
|grp_fu_8491_p_din0    |  out|   32|  ap_ctrl_hs|  acd_inversion_Pipeline_calc_Ginv|  return value|
|grp_fu_8491_p_din1    |  out|   32|  ap_ctrl_hs|  acd_inversion_Pipeline_calc_Ginv|  return value|
|grp_fu_8491_p_dout0   |   in|   32|  ap_ctrl_hs|  acd_inversion_Pipeline_calc_Ginv|  return value|
|grp_fu_8491_p_ce      |  out|    1|  ap_ctrl_hs|  acd_inversion_Pipeline_calc_Ginv|  return value|
|grp_fu_8495_p_din0    |  out|   32|  ap_ctrl_hs|  acd_inversion_Pipeline_calc_Ginv|  return value|
|grp_fu_8495_p_din1    |  out|   32|  ap_ctrl_hs|  acd_inversion_Pipeline_calc_Ginv|  return value|
|grp_fu_8495_p_dout0   |   in|   32|  ap_ctrl_hs|  acd_inversion_Pipeline_calc_Ginv|  return value|
|grp_fu_8495_p_ce      |  out|    1|  ap_ctrl_hs|  acd_inversion_Pipeline_calc_Ginv|  return value|
|grp_fu_8499_p_din0    |  out|   32|  ap_ctrl_hs|  acd_inversion_Pipeline_calc_Ginv|  return value|
|grp_fu_8499_p_din1    |  out|   32|  ap_ctrl_hs|  acd_inversion_Pipeline_calc_Ginv|  return value|
|grp_fu_8499_p_dout0   |   in|   32|  ap_ctrl_hs|  acd_inversion_Pipeline_calc_Ginv|  return value|
|grp_fu_8499_p_ce      |  out|    1|  ap_ctrl_hs|  acd_inversion_Pipeline_calc_Ginv|  return value|
|grp_fu_8503_p_din0    |  out|   32|  ap_ctrl_hs|  acd_inversion_Pipeline_calc_Ginv|  return value|
|grp_fu_8503_p_din1    |  out|   32|  ap_ctrl_hs|  acd_inversion_Pipeline_calc_Ginv|  return value|
|grp_fu_8503_p_dout0   |   in|   32|  ap_ctrl_hs|  acd_inversion_Pipeline_calc_Ginv|  return value|
|grp_fu_8503_p_ce      |  out|    1|  ap_ctrl_hs|  acd_inversion_Pipeline_calc_Ginv|  return value|
|grp_fu_8507_p_din0    |  out|   32|  ap_ctrl_hs|  acd_inversion_Pipeline_calc_Ginv|  return value|
|grp_fu_8507_p_din1    |  out|   32|  ap_ctrl_hs|  acd_inversion_Pipeline_calc_Ginv|  return value|
|grp_fu_8507_p_dout0   |   in|   32|  ap_ctrl_hs|  acd_inversion_Pipeline_calc_Ginv|  return value|
|grp_fu_8507_p_ce      |  out|    1|  ap_ctrl_hs|  acd_inversion_Pipeline_calc_Ginv|  return value|
|grp_fu_8511_p_din0    |  out|   32|  ap_ctrl_hs|  acd_inversion_Pipeline_calc_Ginv|  return value|
|grp_fu_8511_p_din1    |  out|   32|  ap_ctrl_hs|  acd_inversion_Pipeline_calc_Ginv|  return value|
|grp_fu_8511_p_dout0   |   in|   32|  ap_ctrl_hs|  acd_inversion_Pipeline_calc_Ginv|  return value|
|grp_fu_8511_p_ce      |  out|    1|  ap_ctrl_hs|  acd_inversion_Pipeline_calc_Ginv|  return value|
|grp_fu_8515_p_din0    |  out|   32|  ap_ctrl_hs|  acd_inversion_Pipeline_calc_Ginv|  return value|
|grp_fu_8515_p_din1    |  out|   32|  ap_ctrl_hs|  acd_inversion_Pipeline_calc_Ginv|  return value|
|grp_fu_8515_p_dout0   |   in|   32|  ap_ctrl_hs|  acd_inversion_Pipeline_calc_Ginv|  return value|
|grp_fu_8515_p_ce      |  out|    1|  ap_ctrl_hs|  acd_inversion_Pipeline_calc_Ginv|  return value|
|grp_fu_8519_p_din0    |  out|   32|  ap_ctrl_hs|  acd_inversion_Pipeline_calc_Ginv|  return value|
|grp_fu_8519_p_din1    |  out|   32|  ap_ctrl_hs|  acd_inversion_Pipeline_calc_Ginv|  return value|
|grp_fu_8519_p_dout0   |   in|   32|  ap_ctrl_hs|  acd_inversion_Pipeline_calc_Ginv|  return value|
|grp_fu_8519_p_ce      |  out|    1|  ap_ctrl_hs|  acd_inversion_Pipeline_calc_Ginv|  return value|
|grp_fu_8523_p_din0    |  out|   32|  ap_ctrl_hs|  acd_inversion_Pipeline_calc_Ginv|  return value|
|grp_fu_8523_p_din1    |  out|   32|  ap_ctrl_hs|  acd_inversion_Pipeline_calc_Ginv|  return value|
|grp_fu_8523_p_dout0   |   in|   32|  ap_ctrl_hs|  acd_inversion_Pipeline_calc_Ginv|  return value|
|grp_fu_8523_p_ce      |  out|    1|  ap_ctrl_hs|  acd_inversion_Pipeline_calc_Ginv|  return value|
|grp_fu_8527_p_din0    |  out|   32|  ap_ctrl_hs|  acd_inversion_Pipeline_calc_Ginv|  return value|
|grp_fu_8527_p_din1    |  out|   32|  ap_ctrl_hs|  acd_inversion_Pipeline_calc_Ginv|  return value|
|grp_fu_8527_p_dout0   |   in|   32|  ap_ctrl_hs|  acd_inversion_Pipeline_calc_Ginv|  return value|
|grp_fu_8527_p_ce      |  out|    1|  ap_ctrl_hs|  acd_inversion_Pipeline_calc_Ginv|  return value|
|grp_fu_8531_p_din0    |  out|   32|  ap_ctrl_hs|  acd_inversion_Pipeline_calc_Ginv|  return value|
|grp_fu_8531_p_din1    |  out|   32|  ap_ctrl_hs|  acd_inversion_Pipeline_calc_Ginv|  return value|
|grp_fu_8531_p_dout0   |   in|   32|  ap_ctrl_hs|  acd_inversion_Pipeline_calc_Ginv|  return value|
|grp_fu_8531_p_ce      |  out|    1|  ap_ctrl_hs|  acd_inversion_Pipeline_calc_Ginv|  return value|
|grp_fu_8535_p_din0    |  out|   32|  ap_ctrl_hs|  acd_inversion_Pipeline_calc_Ginv|  return value|
|grp_fu_8535_p_din1    |  out|   32|  ap_ctrl_hs|  acd_inversion_Pipeline_calc_Ginv|  return value|
|grp_fu_8535_p_dout0   |   in|   32|  ap_ctrl_hs|  acd_inversion_Pipeline_calc_Ginv|  return value|
|grp_fu_8535_p_ce      |  out|    1|  ap_ctrl_hs|  acd_inversion_Pipeline_calc_Ginv|  return value|
|grp_fu_8539_p_din0    |  out|   32|  ap_ctrl_hs|  acd_inversion_Pipeline_calc_Ginv|  return value|
|grp_fu_8539_p_din1    |  out|   32|  ap_ctrl_hs|  acd_inversion_Pipeline_calc_Ginv|  return value|
|grp_fu_8539_p_dout0   |   in|   32|  ap_ctrl_hs|  acd_inversion_Pipeline_calc_Ginv|  return value|
|grp_fu_8539_p_ce      |  out|    1|  ap_ctrl_hs|  acd_inversion_Pipeline_calc_Ginv|  return value|
|grp_fu_8543_p_din0    |  out|   32|  ap_ctrl_hs|  acd_inversion_Pipeline_calc_Ginv|  return value|
|grp_fu_8543_p_din1    |  out|   32|  ap_ctrl_hs|  acd_inversion_Pipeline_calc_Ginv|  return value|
|grp_fu_8543_p_dout0   |   in|   32|  ap_ctrl_hs|  acd_inversion_Pipeline_calc_Ginv|  return value|
|grp_fu_8543_p_ce      |  out|    1|  ap_ctrl_hs|  acd_inversion_Pipeline_calc_Ginv|  return value|
|grp_fu_8547_p_din0    |  out|   32|  ap_ctrl_hs|  acd_inversion_Pipeline_calc_Ginv|  return value|
|grp_fu_8547_p_din1    |  out|   32|  ap_ctrl_hs|  acd_inversion_Pipeline_calc_Ginv|  return value|
|grp_fu_8547_p_dout0   |   in|   32|  ap_ctrl_hs|  acd_inversion_Pipeline_calc_Ginv|  return value|
|grp_fu_8547_p_ce      |  out|    1|  ap_ctrl_hs|  acd_inversion_Pipeline_calc_Ginv|  return value|
|grp_fu_8551_p_din0    |  out|   32|  ap_ctrl_hs|  acd_inversion_Pipeline_calc_Ginv|  return value|
|grp_fu_8551_p_din1    |  out|   32|  ap_ctrl_hs|  acd_inversion_Pipeline_calc_Ginv|  return value|
|grp_fu_8551_p_dout0   |   in|   32|  ap_ctrl_hs|  acd_inversion_Pipeline_calc_Ginv|  return value|
|grp_fu_8551_p_ce      |  out|    1|  ap_ctrl_hs|  acd_inversion_Pipeline_calc_Ginv|  return value|
|grp_fu_8555_p_din0    |  out|   32|  ap_ctrl_hs|  acd_inversion_Pipeline_calc_Ginv|  return value|
|grp_fu_8555_p_din1    |  out|   32|  ap_ctrl_hs|  acd_inversion_Pipeline_calc_Ginv|  return value|
|grp_fu_8555_p_dout0   |   in|   32|  ap_ctrl_hs|  acd_inversion_Pipeline_calc_Ginv|  return value|
|grp_fu_8555_p_ce      |  out|    1|  ap_ctrl_hs|  acd_inversion_Pipeline_calc_Ginv|  return value|
|grp_fu_8559_p_din0    |  out|   32|  ap_ctrl_hs|  acd_inversion_Pipeline_calc_Ginv|  return value|
|grp_fu_8559_p_din1    |  out|   32|  ap_ctrl_hs|  acd_inversion_Pipeline_calc_Ginv|  return value|
|grp_fu_8559_p_dout0   |   in|   32|  ap_ctrl_hs|  acd_inversion_Pipeline_calc_Ginv|  return value|
|grp_fu_8559_p_ce      |  out|    1|  ap_ctrl_hs|  acd_inversion_Pipeline_calc_Ginv|  return value|
|grp_fu_8563_p_din0    |  out|   32|  ap_ctrl_hs|  acd_inversion_Pipeline_calc_Ginv|  return value|
|grp_fu_8563_p_din1    |  out|   32|  ap_ctrl_hs|  acd_inversion_Pipeline_calc_Ginv|  return value|
|grp_fu_8563_p_dout0   |   in|   32|  ap_ctrl_hs|  acd_inversion_Pipeline_calc_Ginv|  return value|
|grp_fu_8563_p_ce      |  out|    1|  ap_ctrl_hs|  acd_inversion_Pipeline_calc_Ginv|  return value|
|grp_fu_8567_p_din0    |  out|   32|  ap_ctrl_hs|  acd_inversion_Pipeline_calc_Ginv|  return value|
|grp_fu_8567_p_din1    |  out|   32|  ap_ctrl_hs|  acd_inversion_Pipeline_calc_Ginv|  return value|
|grp_fu_8567_p_dout0   |   in|   32|  ap_ctrl_hs|  acd_inversion_Pipeline_calc_Ginv|  return value|
|grp_fu_8567_p_ce      |  out|    1|  ap_ctrl_hs|  acd_inversion_Pipeline_calc_Ginv|  return value|
|grp_fu_8571_p_din0    |  out|   32|  ap_ctrl_hs|  acd_inversion_Pipeline_calc_Ginv|  return value|
|grp_fu_8571_p_din1    |  out|   32|  ap_ctrl_hs|  acd_inversion_Pipeline_calc_Ginv|  return value|
|grp_fu_8571_p_dout0   |   in|   32|  ap_ctrl_hs|  acd_inversion_Pipeline_calc_Ginv|  return value|
|grp_fu_8571_p_ce      |  out|    1|  ap_ctrl_hs|  acd_inversion_Pipeline_calc_Ginv|  return value|
|grp_fu_8575_p_din0    |  out|   32|  ap_ctrl_hs|  acd_inversion_Pipeline_calc_Ginv|  return value|
|grp_fu_8575_p_din1    |  out|   32|  ap_ctrl_hs|  acd_inversion_Pipeline_calc_Ginv|  return value|
|grp_fu_8575_p_dout0   |   in|   32|  ap_ctrl_hs|  acd_inversion_Pipeline_calc_Ginv|  return value|
|grp_fu_8575_p_ce      |  out|    1|  ap_ctrl_hs|  acd_inversion_Pipeline_calc_Ginv|  return value|
|grp_fu_8579_p_din0    |  out|   32|  ap_ctrl_hs|  acd_inversion_Pipeline_calc_Ginv|  return value|
|grp_fu_8579_p_din1    |  out|   32|  ap_ctrl_hs|  acd_inversion_Pipeline_calc_Ginv|  return value|
|grp_fu_8579_p_dout0   |   in|   32|  ap_ctrl_hs|  acd_inversion_Pipeline_calc_Ginv|  return value|
|grp_fu_8579_p_ce      |  out|    1|  ap_ctrl_hs|  acd_inversion_Pipeline_calc_Ginv|  return value|
|grp_fu_8583_p_din0    |  out|   32|  ap_ctrl_hs|  acd_inversion_Pipeline_calc_Ginv|  return value|
|grp_fu_8583_p_din1    |  out|   32|  ap_ctrl_hs|  acd_inversion_Pipeline_calc_Ginv|  return value|
|grp_fu_8583_p_dout0   |   in|   32|  ap_ctrl_hs|  acd_inversion_Pipeline_calc_Ginv|  return value|
|grp_fu_8583_p_ce      |  out|    1|  ap_ctrl_hs|  acd_inversion_Pipeline_calc_Ginv|  return value|
|grp_fu_8587_p_din0    |  out|   32|  ap_ctrl_hs|  acd_inversion_Pipeline_calc_Ginv|  return value|
|grp_fu_8587_p_din1    |  out|   32|  ap_ctrl_hs|  acd_inversion_Pipeline_calc_Ginv|  return value|
|grp_fu_8587_p_dout0   |   in|   32|  ap_ctrl_hs|  acd_inversion_Pipeline_calc_Ginv|  return value|
|grp_fu_8587_p_ce      |  out|    1|  ap_ctrl_hs|  acd_inversion_Pipeline_calc_Ginv|  return value|
|grp_fu_8591_p_din0    |  out|   32|  ap_ctrl_hs|  acd_inversion_Pipeline_calc_Ginv|  return value|
|grp_fu_8591_p_din1    |  out|   32|  ap_ctrl_hs|  acd_inversion_Pipeline_calc_Ginv|  return value|
|grp_fu_8591_p_dout0   |   in|   32|  ap_ctrl_hs|  acd_inversion_Pipeline_calc_Ginv|  return value|
|grp_fu_8591_p_ce      |  out|    1|  ap_ctrl_hs|  acd_inversion_Pipeline_calc_Ginv|  return value|
|grp_fu_8595_p_din0    |  out|   32|  ap_ctrl_hs|  acd_inversion_Pipeline_calc_Ginv|  return value|
|grp_fu_8595_p_din1    |  out|   32|  ap_ctrl_hs|  acd_inversion_Pipeline_calc_Ginv|  return value|
|grp_fu_8595_p_dout0   |   in|   32|  ap_ctrl_hs|  acd_inversion_Pipeline_calc_Ginv|  return value|
|grp_fu_8595_p_ce      |  out|    1|  ap_ctrl_hs|  acd_inversion_Pipeline_calc_Ginv|  return value|
|grp_fu_8599_p_din0    |  out|   32|  ap_ctrl_hs|  acd_inversion_Pipeline_calc_Ginv|  return value|
|grp_fu_8599_p_din1    |  out|   32|  ap_ctrl_hs|  acd_inversion_Pipeline_calc_Ginv|  return value|
|grp_fu_8599_p_dout0   |   in|   32|  ap_ctrl_hs|  acd_inversion_Pipeline_calc_Ginv|  return value|
|grp_fu_8599_p_ce      |  out|    1|  ap_ctrl_hs|  acd_inversion_Pipeline_calc_Ginv|  return value|
|grp_fu_8603_p_din0    |  out|   32|  ap_ctrl_hs|  acd_inversion_Pipeline_calc_Ginv|  return value|
|grp_fu_8603_p_din1    |  out|   32|  ap_ctrl_hs|  acd_inversion_Pipeline_calc_Ginv|  return value|
|grp_fu_8603_p_dout0   |   in|   32|  ap_ctrl_hs|  acd_inversion_Pipeline_calc_Ginv|  return value|
|grp_fu_8603_p_ce      |  out|    1|  ap_ctrl_hs|  acd_inversion_Pipeline_calc_Ginv|  return value|
|grp_fu_8607_p_din0    |  out|   32|  ap_ctrl_hs|  acd_inversion_Pipeline_calc_Ginv|  return value|
|grp_fu_8607_p_din1    |  out|   32|  ap_ctrl_hs|  acd_inversion_Pipeline_calc_Ginv|  return value|
|grp_fu_8607_p_dout0   |   in|   32|  ap_ctrl_hs|  acd_inversion_Pipeline_calc_Ginv|  return value|
|grp_fu_8607_p_ce      |  out|    1|  ap_ctrl_hs|  acd_inversion_Pipeline_calc_Ginv|  return value|
|grp_fu_8611_p_din0    |  out|   32|  ap_ctrl_hs|  acd_inversion_Pipeline_calc_Ginv|  return value|
|grp_fu_8611_p_din1    |  out|   32|  ap_ctrl_hs|  acd_inversion_Pipeline_calc_Ginv|  return value|
|grp_fu_8611_p_dout0   |   in|   32|  ap_ctrl_hs|  acd_inversion_Pipeline_calc_Ginv|  return value|
|grp_fu_8611_p_ce      |  out|    1|  ap_ctrl_hs|  acd_inversion_Pipeline_calc_Ginv|  return value|
|grp_fu_8615_p_din0    |  out|   32|  ap_ctrl_hs|  acd_inversion_Pipeline_calc_Ginv|  return value|
|grp_fu_8615_p_din1    |  out|   32|  ap_ctrl_hs|  acd_inversion_Pipeline_calc_Ginv|  return value|
|grp_fu_8615_p_dout0   |   in|   32|  ap_ctrl_hs|  acd_inversion_Pipeline_calc_Ginv|  return value|
|grp_fu_8615_p_ce      |  out|    1|  ap_ctrl_hs|  acd_inversion_Pipeline_calc_Ginv|  return value|
|grp_fu_8619_p_din0    |  out|   32|  ap_ctrl_hs|  acd_inversion_Pipeline_calc_Ginv|  return value|
|grp_fu_8619_p_din1    |  out|   32|  ap_ctrl_hs|  acd_inversion_Pipeline_calc_Ginv|  return value|
|grp_fu_8619_p_dout0   |   in|   32|  ap_ctrl_hs|  acd_inversion_Pipeline_calc_Ginv|  return value|
|grp_fu_8619_p_ce      |  out|    1|  ap_ctrl_hs|  acd_inversion_Pipeline_calc_Ginv|  return value|
|G_inv_0_0             |  out|   32|      ap_vld|                         G_inv_0_0|       pointer|
|G_inv_0_0_ap_vld      |  out|    1|      ap_vld|                         G_inv_0_0|       pointer|
|G_inv_0_1             |  out|   32|      ap_vld|                         G_inv_0_1|       pointer|
|G_inv_0_1_ap_vld      |  out|    1|      ap_vld|                         G_inv_0_1|       pointer|
|G_inv_0_2             |  out|   32|      ap_vld|                         G_inv_0_2|       pointer|
|G_inv_0_2_ap_vld      |  out|    1|      ap_vld|                         G_inv_0_2|       pointer|
|G_inv_0_3             |  out|   32|      ap_vld|                         G_inv_0_3|       pointer|
|G_inv_0_3_ap_vld      |  out|    1|      ap_vld|                         G_inv_0_3|       pointer|
|G_inv_0_4             |  out|   32|      ap_vld|                         G_inv_0_4|       pointer|
|G_inv_0_4_ap_vld      |  out|    1|      ap_vld|                         G_inv_0_4|       pointer|
|G_inv_0_5             |  out|   32|      ap_vld|                         G_inv_0_5|       pointer|
|G_inv_0_5_ap_vld      |  out|    1|      ap_vld|                         G_inv_0_5|       pointer|
|G_inv_0_6             |  out|   32|      ap_vld|                         G_inv_0_6|       pointer|
|G_inv_0_6_ap_vld      |  out|    1|      ap_vld|                         G_inv_0_6|       pointer|
|G_inv_0_7             |  out|   32|      ap_vld|                         G_inv_0_7|       pointer|
|G_inv_0_7_ap_vld      |  out|    1|      ap_vld|                         G_inv_0_7|       pointer|
|G_inv_7_7             |  out|   32|      ap_vld|                         G_inv_7_7|       pointer|
|G_inv_7_7_ap_vld      |  out|    1|      ap_vld|                         G_inv_7_7|       pointer|
|G_inv_7_6             |  out|   32|      ap_vld|                         G_inv_7_6|       pointer|
|G_inv_7_6_ap_vld      |  out|    1|      ap_vld|                         G_inv_7_6|       pointer|
|G_inv_7_5             |  out|   32|      ap_vld|                         G_inv_7_5|       pointer|
|G_inv_7_5_ap_vld      |  out|    1|      ap_vld|                         G_inv_7_5|       pointer|
|G_inv_7_4             |  out|   32|      ap_vld|                         G_inv_7_4|       pointer|
|G_inv_7_4_ap_vld      |  out|    1|      ap_vld|                         G_inv_7_4|       pointer|
|G_inv_7_3             |  out|   32|      ap_vld|                         G_inv_7_3|       pointer|
|G_inv_7_3_ap_vld      |  out|    1|      ap_vld|                         G_inv_7_3|       pointer|
|G_inv_7_2             |  out|   32|      ap_vld|                         G_inv_7_2|       pointer|
|G_inv_7_2_ap_vld      |  out|    1|      ap_vld|                         G_inv_7_2|       pointer|
|G_inv_7_1             |  out|   32|      ap_vld|                         G_inv_7_1|       pointer|
|G_inv_7_1_ap_vld      |  out|    1|      ap_vld|                         G_inv_7_1|       pointer|
|G_inv_7_0             |  out|   32|      ap_vld|                         G_inv_7_0|       pointer|
|G_inv_7_0_ap_vld      |  out|    1|      ap_vld|                         G_inv_7_0|       pointer|
|G_inv_6_7             |  out|   32|      ap_vld|                         G_inv_6_7|       pointer|
|G_inv_6_7_ap_vld      |  out|    1|      ap_vld|                         G_inv_6_7|       pointer|
|G_inv_6_6             |  out|   32|      ap_vld|                         G_inv_6_6|       pointer|
|G_inv_6_6_ap_vld      |  out|    1|      ap_vld|                         G_inv_6_6|       pointer|
|G_inv_6_5             |  out|   32|      ap_vld|                         G_inv_6_5|       pointer|
|G_inv_6_5_ap_vld      |  out|    1|      ap_vld|                         G_inv_6_5|       pointer|
|G_inv_6_4             |  out|   32|      ap_vld|                         G_inv_6_4|       pointer|
|G_inv_6_4_ap_vld      |  out|    1|      ap_vld|                         G_inv_6_4|       pointer|
|G_inv_6_3             |  out|   32|      ap_vld|                         G_inv_6_3|       pointer|
|G_inv_6_3_ap_vld      |  out|    1|      ap_vld|                         G_inv_6_3|       pointer|
|G_inv_6_2             |  out|   32|      ap_vld|                         G_inv_6_2|       pointer|
|G_inv_6_2_ap_vld      |  out|    1|      ap_vld|                         G_inv_6_2|       pointer|
|G_inv_6_1             |  out|   32|      ap_vld|                         G_inv_6_1|       pointer|
|G_inv_6_1_ap_vld      |  out|    1|      ap_vld|                         G_inv_6_1|       pointer|
|G_inv_6_0             |  out|   32|      ap_vld|                         G_inv_6_0|       pointer|
|G_inv_6_0_ap_vld      |  out|    1|      ap_vld|                         G_inv_6_0|       pointer|
|G_inv_5_7             |  out|   32|      ap_vld|                         G_inv_5_7|       pointer|
|G_inv_5_7_ap_vld      |  out|    1|      ap_vld|                         G_inv_5_7|       pointer|
|G_inv_5_6             |  out|   32|      ap_vld|                         G_inv_5_6|       pointer|
|G_inv_5_6_ap_vld      |  out|    1|      ap_vld|                         G_inv_5_6|       pointer|
|G_inv_5_5             |  out|   32|      ap_vld|                         G_inv_5_5|       pointer|
|G_inv_5_5_ap_vld      |  out|    1|      ap_vld|                         G_inv_5_5|       pointer|
|G_inv_5_4             |  out|   32|      ap_vld|                         G_inv_5_4|       pointer|
|G_inv_5_4_ap_vld      |  out|    1|      ap_vld|                         G_inv_5_4|       pointer|
|G_inv_5_3             |  out|   32|      ap_vld|                         G_inv_5_3|       pointer|
|G_inv_5_3_ap_vld      |  out|    1|      ap_vld|                         G_inv_5_3|       pointer|
|G_inv_5_2             |  out|   32|      ap_vld|                         G_inv_5_2|       pointer|
|G_inv_5_2_ap_vld      |  out|    1|      ap_vld|                         G_inv_5_2|       pointer|
|G_inv_5_1             |  out|   32|      ap_vld|                         G_inv_5_1|       pointer|
|G_inv_5_1_ap_vld      |  out|    1|      ap_vld|                         G_inv_5_1|       pointer|
|G_inv_5_0             |  out|   32|      ap_vld|                         G_inv_5_0|       pointer|
|G_inv_5_0_ap_vld      |  out|    1|      ap_vld|                         G_inv_5_0|       pointer|
|G_inv_4_7             |  out|   32|      ap_vld|                         G_inv_4_7|       pointer|
|G_inv_4_7_ap_vld      |  out|    1|      ap_vld|                         G_inv_4_7|       pointer|
|G_inv_4_6             |  out|   32|      ap_vld|                         G_inv_4_6|       pointer|
|G_inv_4_6_ap_vld      |  out|    1|      ap_vld|                         G_inv_4_6|       pointer|
|G_inv_4_5             |  out|   32|      ap_vld|                         G_inv_4_5|       pointer|
|G_inv_4_5_ap_vld      |  out|    1|      ap_vld|                         G_inv_4_5|       pointer|
|G_inv_4_4             |  out|   32|      ap_vld|                         G_inv_4_4|       pointer|
|G_inv_4_4_ap_vld      |  out|    1|      ap_vld|                         G_inv_4_4|       pointer|
|G_inv_4_3             |  out|   32|      ap_vld|                         G_inv_4_3|       pointer|
|G_inv_4_3_ap_vld      |  out|    1|      ap_vld|                         G_inv_4_3|       pointer|
|G_inv_4_2             |  out|   32|      ap_vld|                         G_inv_4_2|       pointer|
|G_inv_4_2_ap_vld      |  out|    1|      ap_vld|                         G_inv_4_2|       pointer|
|G_inv_4_1             |  out|   32|      ap_vld|                         G_inv_4_1|       pointer|
|G_inv_4_1_ap_vld      |  out|    1|      ap_vld|                         G_inv_4_1|       pointer|
|G_inv_4_0             |  out|   32|      ap_vld|                         G_inv_4_0|       pointer|
|G_inv_4_0_ap_vld      |  out|    1|      ap_vld|                         G_inv_4_0|       pointer|
|G_inv_3_7             |  out|   32|      ap_vld|                         G_inv_3_7|       pointer|
|G_inv_3_7_ap_vld      |  out|    1|      ap_vld|                         G_inv_3_7|       pointer|
|G_inv_3_6             |  out|   32|      ap_vld|                         G_inv_3_6|       pointer|
|G_inv_3_6_ap_vld      |  out|    1|      ap_vld|                         G_inv_3_6|       pointer|
|G_inv_3_5             |  out|   32|      ap_vld|                         G_inv_3_5|       pointer|
|G_inv_3_5_ap_vld      |  out|    1|      ap_vld|                         G_inv_3_5|       pointer|
|G_inv_3_4             |  out|   32|      ap_vld|                         G_inv_3_4|       pointer|
|G_inv_3_4_ap_vld      |  out|    1|      ap_vld|                         G_inv_3_4|       pointer|
|G_inv_3_3             |  out|   32|      ap_vld|                         G_inv_3_3|       pointer|
|G_inv_3_3_ap_vld      |  out|    1|      ap_vld|                         G_inv_3_3|       pointer|
|G_inv_3_2             |  out|   32|      ap_vld|                         G_inv_3_2|       pointer|
|G_inv_3_2_ap_vld      |  out|    1|      ap_vld|                         G_inv_3_2|       pointer|
|G_inv_3_1             |  out|   32|      ap_vld|                         G_inv_3_1|       pointer|
|G_inv_3_1_ap_vld      |  out|    1|      ap_vld|                         G_inv_3_1|       pointer|
|G_inv_3_0             |  out|   32|      ap_vld|                         G_inv_3_0|       pointer|
|G_inv_3_0_ap_vld      |  out|    1|      ap_vld|                         G_inv_3_0|       pointer|
|G_inv_2_7             |  out|   32|      ap_vld|                         G_inv_2_7|       pointer|
|G_inv_2_7_ap_vld      |  out|    1|      ap_vld|                         G_inv_2_7|       pointer|
|G_inv_2_6             |  out|   32|      ap_vld|                         G_inv_2_6|       pointer|
|G_inv_2_6_ap_vld      |  out|    1|      ap_vld|                         G_inv_2_6|       pointer|
|G_inv_2_5             |  out|   32|      ap_vld|                         G_inv_2_5|       pointer|
|G_inv_2_5_ap_vld      |  out|    1|      ap_vld|                         G_inv_2_5|       pointer|
|G_inv_2_4             |  out|   32|      ap_vld|                         G_inv_2_4|       pointer|
|G_inv_2_4_ap_vld      |  out|    1|      ap_vld|                         G_inv_2_4|       pointer|
|G_inv_2_3             |  out|   32|      ap_vld|                         G_inv_2_3|       pointer|
|G_inv_2_3_ap_vld      |  out|    1|      ap_vld|                         G_inv_2_3|       pointer|
|G_inv_2_2             |  out|   32|      ap_vld|                         G_inv_2_2|       pointer|
|G_inv_2_2_ap_vld      |  out|    1|      ap_vld|                         G_inv_2_2|       pointer|
|G_inv_2_1             |  out|   32|      ap_vld|                         G_inv_2_1|       pointer|
|G_inv_2_1_ap_vld      |  out|    1|      ap_vld|                         G_inv_2_1|       pointer|
|G_inv_2_0             |  out|   32|      ap_vld|                         G_inv_2_0|       pointer|
|G_inv_2_0_ap_vld      |  out|    1|      ap_vld|                         G_inv_2_0|       pointer|
|G_inv_1_7             |  out|   32|      ap_vld|                         G_inv_1_7|       pointer|
|G_inv_1_7_ap_vld      |  out|    1|      ap_vld|                         G_inv_1_7|       pointer|
|G_inv_1_6             |  out|   32|      ap_vld|                         G_inv_1_6|       pointer|
|G_inv_1_6_ap_vld      |  out|    1|      ap_vld|                         G_inv_1_6|       pointer|
|G_inv_1_5             |  out|   32|      ap_vld|                         G_inv_1_5|       pointer|
|G_inv_1_5_ap_vld      |  out|    1|      ap_vld|                         G_inv_1_5|       pointer|
|G_inv_1_4             |  out|   32|      ap_vld|                         G_inv_1_4|       pointer|
|G_inv_1_4_ap_vld      |  out|    1|      ap_vld|                         G_inv_1_4|       pointer|
|G_inv_1_3             |  out|   32|      ap_vld|                         G_inv_1_3|       pointer|
|G_inv_1_3_ap_vld      |  out|    1|      ap_vld|                         G_inv_1_3|       pointer|
|G_inv_1_2             |  out|   32|      ap_vld|                         G_inv_1_2|       pointer|
|G_inv_1_2_ap_vld      |  out|    1|      ap_vld|                         G_inv_1_2|       pointer|
|G_inv_1_1             |  out|   32|      ap_vld|                         G_inv_1_1|       pointer|
|G_inv_1_1_ap_vld      |  out|    1|      ap_vld|                         G_inv_1_1|       pointer|
|G_inv_1_0             |  out|   32|      ap_vld|                         G_inv_1_0|       pointer|
|G_inv_1_0_ap_vld      |  out|    1|      ap_vld|                         G_inv_1_0|       pointer|
|p_reload1253          |   in|   32|     ap_none|                      p_reload1253|        scalar|
|L_inv_address0        |  out|    3|   ap_memory|                             L_inv|         array|
|L_inv_ce0             |  out|    1|   ap_memory|                             L_inv|         array|
|L_inv_q0              |   in|   32|   ap_memory|                             L_inv|         array|
|p_reload1252          |   in|   32|     ap_none|                      p_reload1252|        scalar|
|L_inv_1_address0      |  out|    3|   ap_memory|                           L_inv_1|         array|
|L_inv_1_ce0           |  out|    1|   ap_memory|                           L_inv_1|         array|
|L_inv_1_q0            |   in|   32|   ap_memory|                           L_inv_1|         array|
|p_reload1251          |   in|   32|     ap_none|                      p_reload1251|        scalar|
|L_inv_2_address0      |  out|    3|   ap_memory|                           L_inv_2|         array|
|L_inv_2_ce0           |  out|    1|   ap_memory|                           L_inv_2|         array|
|L_inv_2_q0            |   in|   32|   ap_memory|                           L_inv_2|         array|
|p_reload1250          |   in|   32|     ap_none|                      p_reload1250|        scalar|
|L_inv_3_address0      |  out|    3|   ap_memory|                           L_inv_3|         array|
|L_inv_3_ce0           |  out|    1|   ap_memory|                           L_inv_3|         array|
|L_inv_3_q0            |   in|   32|   ap_memory|                           L_inv_3|         array|
|p_reload1249          |   in|   32|     ap_none|                      p_reload1249|        scalar|
|L_inv_4_address0      |  out|    3|   ap_memory|                           L_inv_4|         array|
|L_inv_4_ce0           |  out|    1|   ap_memory|                           L_inv_4|         array|
|L_inv_4_q0            |   in|   32|   ap_memory|                           L_inv_4|         array|
|p_reload1248          |   in|   32|     ap_none|                      p_reload1248|        scalar|
|L_inv_5_address0      |  out|    3|   ap_memory|                           L_inv_5|         array|
|L_inv_5_ce0           |  out|    1|   ap_memory|                           L_inv_5|         array|
|L_inv_5_q0            |   in|   32|   ap_memory|                           L_inv_5|         array|
|p_reload1247          |   in|   32|     ap_none|                      p_reload1247|        scalar|
|L_inv_6_address0      |  out|    3|   ap_memory|                           L_inv_6|         array|
|L_inv_6_ce0           |  out|    1|   ap_memory|                           L_inv_6|         array|
|L_inv_6_q0            |   in|   32|   ap_memory|                           L_inv_6|         array|
|p_reload1246          |   in|   32|     ap_none|                      p_reload1246|        scalar|
|p_reload1245          |   in|   32|     ap_none|                      p_reload1245|        scalar|
|p_reload1244          |   in|   32|     ap_none|                      p_reload1244|        scalar|
|p_reload1243          |   in|   32|     ap_none|                      p_reload1243|        scalar|
|p_reload1242          |   in|   32|     ap_none|                      p_reload1242|        scalar|
|p_reload1241          |   in|   32|     ap_none|                      p_reload1241|        scalar|
|p_reload1240          |   in|   32|     ap_none|                      p_reload1240|        scalar|
|p_reload1239          |   in|   32|     ap_none|                      p_reload1239|        scalar|
|p_reload1238          |   in|   32|     ap_none|                      p_reload1238|        scalar|
|p_reload1237          |   in|   32|     ap_none|                      p_reload1237|        scalar|
|p_reload1236          |   in|   32|     ap_none|                      p_reload1236|        scalar|
|p_reload1235          |   in|   32|     ap_none|                      p_reload1235|        scalar|
|p_reload1234          |   in|   32|     ap_none|                      p_reload1234|        scalar|
|p_reload1233          |   in|   32|     ap_none|                      p_reload1233|        scalar|
|p_reload1232          |   in|   32|     ap_none|                      p_reload1232|        scalar|
|p_reload1231          |   in|   32|     ap_none|                      p_reload1231|        scalar|
|p_reload1230          |   in|   32|     ap_none|                      p_reload1230|        scalar|
|p_reload1229          |   in|   32|     ap_none|                      p_reload1229|        scalar|
|p_reload1228          |   in|   32|     ap_none|                      p_reload1228|        scalar|
|p_reload1227          |   in|   32|     ap_none|                      p_reload1227|        scalar|
|p_reload1226          |   in|   32|     ap_none|                      p_reload1226|        scalar|
|p_reload1225          |   in|   32|     ap_none|                      p_reload1225|        scalar|
|p_reload1224          |   in|   32|     ap_none|                      p_reload1224|        scalar|
|p_reload1223          |   in|   32|     ap_none|                      p_reload1223|        scalar|
|p_reload1222          |   in|   32|     ap_none|                      p_reload1222|        scalar|
|p_reload1221          |   in|   32|     ap_none|                      p_reload1221|        scalar|
|p_reload1220          |   in|   32|     ap_none|                      p_reload1220|        scalar|
|p_reload1219          |   in|   32|     ap_none|                      p_reload1219|        scalar|
|p_reload1218          |   in|   32|     ap_none|                      p_reload1218|        scalar|
|p_reload1217          |   in|   32|     ap_none|                      p_reload1217|        scalar|
|p_reload1216          |   in|   32|     ap_none|                      p_reload1216|        scalar|
|p_reload1215          |   in|   32|     ap_none|                      p_reload1215|        scalar|
|p_reload1214          |   in|   32|     ap_none|                      p_reload1214|        scalar|
|p_reload1213          |   in|   32|     ap_none|                      p_reload1213|        scalar|
|p_reload1212          |   in|   32|     ap_none|                      p_reload1212|        scalar|
|p_reload1211          |   in|   32|     ap_none|                      p_reload1211|        scalar|
|p_reload1210          |   in|   32|     ap_none|                      p_reload1210|        scalar|
|p_reload1209          |   in|   32|     ap_none|                      p_reload1209|        scalar|
|p_reload1208          |   in|   32|     ap_none|                      p_reload1208|        scalar|
|p_reload1207          |   in|   32|     ap_none|                      p_reload1207|        scalar|
|p_reload1206          |   in|   32|     ap_none|                      p_reload1206|        scalar|
|p_reload1205          |   in|   32|     ap_none|                      p_reload1205|        scalar|
|p_reload1204          |   in|   32|     ap_none|                      p_reload1204|        scalar|
|p_reload1203          |   in|   32|     ap_none|                      p_reload1203|        scalar|
|p_reload1202          |   in|   32|     ap_none|                      p_reload1202|        scalar|
|p_reload1201          |   in|   32|     ap_none|                      p_reload1201|        scalar|
|p_reload1200          |   in|   32|     ap_none|                      p_reload1200|        scalar|
|p_reload1199          |   in|   32|     ap_none|                      p_reload1199|        scalar|
|p_reload1198          |   in|   32|     ap_none|                      p_reload1198|        scalar|
|p_reload1197          |   in|   32|     ap_none|                      p_reload1197|        scalar|
|p_reload1196          |   in|   32|     ap_none|                      p_reload1196|        scalar|
|p_reload1195          |   in|   32|     ap_none|                      p_reload1195|        scalar|
|p_reload1194          |   in|   32|     ap_none|                      p_reload1194|        scalar|
|p_reload1193          |   in|   32|     ap_none|                      p_reload1193|        scalar|
|p_reload1192          |   in|   32|     ap_none|                      p_reload1192|        scalar|
|p_reload1191          |   in|   32|     ap_none|                      p_reload1191|        scalar|
|p_reload              |   in|   32|     ap_none|                          p_reload|        scalar|
+----------------------+-----+-----+------------+----------------------------------+--------------+

