

================================================================
== Vitis HLS Report for 'omp_reconstruction_Pipeline_load_A_col'
================================================================
* Date:           Sun Nov 23 17:36:16 2025

* Version:        2023.1 (Build 3854077 on May  4 2023)
* Project:        OMP_HLS
* Solution:       solution1 (Vivado IP Flow Target)
* Product family: zynquplus
* Target device:  xczu19eg-ffvc1760-2-e


================================================================
== Performance Estimates
================================================================
+ Timing: 
    * Summary: 
    +--------+----------+-----------+------------+
    |  Clock |  Target  | Estimated | Uncertainty|
    +--------+----------+-----------+------------+
    |ap_clk  |  22.00 ns|  16.060 ns|     5.94 ns|
    +--------+----------+-----------+------------+

+ Latency: 
    * Summary: 
    +---------+---------+----------+----------+-----+-----+---------+
    |  Latency (cycles) |  Latency (absolute) |  Interval | Pipeline|
    |   min   |   max   |    min   |    max   | min | max |   Type  |
    +---------+---------+----------+----------+-----+-----+---------+
    |      131|      131|  2.882 us|  2.882 us|  131|  131|       no|
    +---------+---------+----------+----------+-----+-----+---------+

    + Detail: 
        * Instance: 
        N/A

        * Loop: 
        +--------------+---------+---------+----------+-----------+-----------+------+----------+
        |              |  Latency (cycles) | Iteration|  Initiation Interval  | Trip |          |
        |   Loop Name  |   min   |   max   |  Latency |  achieved |   target  | Count| Pipelined|
        +--------------+---------+---------+----------+-----------+-----------+------+----------+
        |- load_A_col  |      129|      129|         3|          1|          1|   128|       yes|
        +--------------+---------+---------+----------+-----------+-----------+------+----------+



================================================================
== Utilization Estimates
================================================================
* Summary: 
+-----------------+---------+------+---------+--------+-----+
|       Name      | BRAM_18K|  DSP |    FF   |   LUT  | URAM|
+-----------------+---------+------+---------+--------+-----+
|DSP              |        -|     -|        -|       -|    -|
|Expression       |        -|     -|        0|      37|    -|
|FIFO             |        -|     -|        -|       -|    -|
|Instance         |        -|     -|        -|       -|    -|
|Memory           |        -|     -|        -|       -|    -|
|Multiplexer      |        -|     -|        -|      45|    -|
|Register         |        -|     -|       62|       -|    -|
+-----------------+---------+------+---------+--------+-----+
|Total            |        0|     0|       62|      82|    0|
+-----------------+---------+------+---------+--------+-----+
|Available        |     1968|  1968|  1045440|  522720|  128|
+-----------------+---------+------+---------+--------+-----+
|Utilization (%)  |        0|     0|       ~0|      ~0|    0|
+-----------------+---------+------+---------+--------+-----+

+ Detail: 
    * Instance: 
    N/A

    * DSP: 
    N/A

    * Memory: 
    N/A

    * FIFO: 
    N/A

    * Expression: 
    +----------------------------------+----------+----+---+----+------------+------------+
    |           Variable Name          | Operation| DSP| FF| LUT| Bitwidth P0| Bitwidth P1|
    +----------------------------------+----------+----+---+----+------------+------------+
    |add_ln209_fu_903_p2               |         +|   0|  0|  15|           8|           1|
    |ap_block_pp0_stage0_11001         |       and|   0|  0|   2|           1|           1|
    |ap_block_state2_pp0_stage0_iter1  |       and|   0|  0|   2|           1|           1|
    |icmp_ln209_fu_897_p2              |      icmp|   0|  0|  16|           8|           9|
    |ap_enable_pp0                     |       xor|   0|  0|   2|           1|           2|
    +----------------------------------+----------+----+---+----+------------+------------+
    |Total                             |          |   0|  0|  37|          19|          14|
    +----------------------------------+----------+----+---+----+------------+------------+

    * Multiplexer: 
    +-------------------------+----+-----------+-----+-----------+
    |           Name          | LUT| Input Size| Bits| Total Bits|
    +-------------------------+----+-----------+-----+-----------+
    |ap_done_int              |   9|          2|    1|          2|
    |ap_enable_reg_pp0_iter2  |   9|          2|    1|          2|
    |ap_sig_allocacmp_j_1     |   9|          2|    8|         16|
    |gmem1_blk_n_R            |   9|          2|    1|          2|
    |j_fu_240                 |   9|          2|    8|         16|
    +-------------------------+----+-----------+-----+-----------+
    |Total                    |  45|         10|   19|         38|
    +-------------------------+----+-----------+-----+-----------+

    * Register: 
    +----------------------------------+----+----+-----+-----------+
    |               Name               | FF | LUT| Bits| Const Bits|
    +----------------------------------+----+----+-----+-----------+
    |ap_CS_fsm                         |   1|   0|    1|          0|
    |ap_done_reg                       |   1|   0|    1|          0|
    |ap_enable_reg_pp0_iter1           |   1|   0|    1|          0|
    |ap_enable_reg_pp0_iter2           |   1|   0|    1|          0|
    |ap_loop_exit_ready_pp0_iter1_reg  |   1|   0|    1|          0|
    |bitcast_ln211_reg_1000            |  32|   0|   32|          0|
    |icmp_ln209_reg_996                |   1|   0|    1|          0|
    |j_1_reg_991                       |   8|   0|    8|          0|
    |j_1_reg_991_pp0_iter1_reg         |   8|   0|    8|          0|
    |j_fu_240                          |   8|   0|    8|          0|
    +----------------------------------+----+----+-----+-----------+
    |Total                             |  62|   0|   62|          0|
    +----------------------------------+----+----+-----+-----------+



================================================================
== Interface
================================================================
* Summary: 
+----------------------+-----+-----+------------+----------------------------------------+--------------+
|       RTL Ports      | Dir | Bits|  Protocol  |              Source Object             |    C Type    |
+----------------------+-----+-----+------------+----------------------------------------+--------------+
|ap_clk                |   in|    1|  ap_ctrl_hs|  omp_reconstruction_Pipeline_load_A_col|  return value|
|ap_rst                |   in|    1|  ap_ctrl_hs|  omp_reconstruction_Pipeline_load_A_col|  return value|
|ap_start              |   in|    1|  ap_ctrl_hs|  omp_reconstruction_Pipeline_load_A_col|  return value|
|ap_done               |  out|    1|  ap_ctrl_hs|  omp_reconstruction_Pipeline_load_A_col|  return value|
|ap_idle               |  out|    1|  ap_ctrl_hs|  omp_reconstruction_Pipeline_load_A_col|  return value|
|ap_ready              |  out|    1|  ap_ctrl_hs|  omp_reconstruction_Pipeline_load_A_col|  return value|
|m_axi_gmem1_AWVALID   |  out|    1|       m_axi|                                   gmem1|       pointer|
|m_axi_gmem1_AWREADY   |   in|    1|       m_axi|                                   gmem1|       pointer|
|m_axi_gmem1_AWADDR    |  out|   64|       m_axi|                                   gmem1|       pointer|
|m_axi_gmem1_AWID      |  out|    1|       m_axi|                                   gmem1|       pointer|
|m_axi_gmem1_AWLEN     |  out|   32|       m_axi|                                   gmem1|       pointer|
|m_axi_gmem1_AWSIZE    |  out|    3|       m_axi|                                   gmem1|       pointer|
|m_axi_gmem1_AWBURST   |  out|    2|       m_axi|                                   gmem1|       pointer|
|m_axi_gmem1_AWLOCK    |  out|    2|       m_axi|                                   gmem1|       pointer|
|m_axi_gmem1_AWCACHE   |  out|    4|       m_axi|                                   gmem1|       pointer|
|m_axi_gmem1_AWPROT    |  out|    3|       m_axi|                                   gmem1|       pointer|
|m_axi_gmem1_AWQOS     |  out|    4|       m_axi|                                   gmem1|       pointer|
|m_axi_gmem1_AWREGION  |  out|    4|       m_axi|                                   gmem1|       pointer|
|m_axi_gmem1_AWUSER    |  out|    1|       m_axi|                                   gmem1|       pointer|
|m_axi_gmem1_WVALID    |  out|    1|       m_axi|                                   gmem1|       pointer|
|m_axi_gmem1_WREADY    |   in|    1|       m_axi|                                   gmem1|       pointer|
|m_axi_gmem1_WDATA     |  out|   32|       m_axi|                                   gmem1|       pointer|
|m_axi_gmem1_WSTRB     |  out|    4|       m_axi|                                   gmem1|       pointer|
|m_axi_gmem1_WLAST     |  out|    1|       m_axi|                                   gmem1|       pointer|
|m_axi_gmem1_WID       |  out|    1|       m_axi|                                   gmem1|       pointer|
|m_axi_gmem1_WUSER     |  out|    1|       m_axi|                                   gmem1|       pointer|
|m_axi_gmem1_ARVALID   |  out|    1|       m_axi|                                   gmem1|       pointer|
|m_axi_gmem1_ARREADY   |   in|    1|       m_axi|                                   gmem1|       pointer|
|m_axi_gmem1_ARADDR    |  out|   64|       m_axi|                                   gmem1|       pointer|
|m_axi_gmem1_ARID      |  out|    1|       m_axi|                                   gmem1|       pointer|
|m_axi_gmem1_ARLEN     |  out|   32|       m_axi|                                   gmem1|       pointer|
|m_axi_gmem1_ARSIZE    |  out|    3|       m_axi|                                   gmem1|       pointer|
|m_axi_gmem1_ARBURST   |  out|    2|       m_axi|                                   gmem1|       pointer|
|m_axi_gmem1_ARLOCK    |  out|    2|       m_axi|                                   gmem1|       pointer|
|m_axi_gmem1_ARCACHE   |  out|    4|       m_axi|                                   gmem1|       pointer|
|m_axi_gmem1_ARPROT    |  out|    3|       m_axi|                                   gmem1|       pointer|
|m_axi_gmem1_ARQOS     |  out|    4|       m_axi|                                   gmem1|       pointer|
|m_axi_gmem1_ARREGION  |  out|    4|       m_axi|                                   gmem1|       pointer|
|m_axi_gmem1_ARUSER    |  out|    1|       m_axi|                                   gmem1|       pointer|
|m_axi_gmem1_RVALID    |   in|    1|       m_axi|                                   gmem1|       pointer|
|m_axi_gmem1_RREADY    |  out|    1|       m_axi|                                   gmem1|       pointer|
|m_axi_gmem1_RDATA     |   in|   32|       m_axi|                                   gmem1|       pointer|
|m_axi_gmem1_RLAST     |   in|    1|       m_axi|                                   gmem1|       pointer|
|m_axi_gmem1_RID       |   in|    1|       m_axi|                                   gmem1|       pointer|
|m_axi_gmem1_RFIFONUM  |   in|    9|       m_axi|                                   gmem1|       pointer|
|m_axi_gmem1_RUSER     |   in|    1|       m_axi|                                   gmem1|       pointer|
|m_axi_gmem1_RRESP     |   in|    2|       m_axi|                                   gmem1|       pointer|
|m_axi_gmem1_BVALID    |   in|    1|       m_axi|                                   gmem1|       pointer|
|m_axi_gmem1_BREADY    |  out|    1|       m_axi|                                   gmem1|       pointer|
|m_axi_gmem1_BRESP     |   in|    2|       m_axi|                                   gmem1|       pointer|
|m_axi_gmem1_BID       |   in|    1|       m_axi|                                   gmem1|       pointer|
|m_axi_gmem1_BUSER     |   in|    1|       m_axi|                                   gmem1|       pointer|
|sext_ln208            |   in|   62|     ap_none|                              sext_ln208|        scalar|
|A_local_47_address0   |  out|    7|   ap_memory|                              A_local_47|         array|
|A_local_47_ce0        |  out|    1|   ap_memory|                              A_local_47|         array|
|A_local_47_we0        |  out|    1|   ap_memory|                              A_local_47|         array|
|A_local_47_d0         |  out|   32|   ap_memory|                              A_local_47|         array|
|A_local_46_address0   |  out|    7|   ap_memory|                              A_local_46|         array|
|A_local_46_ce0        |  out|    1|   ap_memory|                              A_local_46|         array|
|A_local_46_we0        |  out|    1|   ap_memory|                              A_local_46|         array|
|A_local_46_d0         |  out|   32|   ap_memory|                              A_local_46|         array|
|A_local_45_address0   |  out|    7|   ap_memory|                              A_local_45|         array|
|A_local_45_ce0        |  out|    1|   ap_memory|                              A_local_45|         array|
|A_local_45_we0        |  out|    1|   ap_memory|                              A_local_45|         array|
|A_local_45_d0         |  out|   32|   ap_memory|                              A_local_45|         array|
|A_local_44_address0   |  out|    7|   ap_memory|                              A_local_44|         array|
|A_local_44_ce0        |  out|    1|   ap_memory|                              A_local_44|         array|
|A_local_44_we0        |  out|    1|   ap_memory|                              A_local_44|         array|
|A_local_44_d0         |  out|   32|   ap_memory|                              A_local_44|         array|
|A_local_43_address0   |  out|    7|   ap_memory|                              A_local_43|         array|
|A_local_43_ce0        |  out|    1|   ap_memory|                              A_local_43|         array|
|A_local_43_we0        |  out|    1|   ap_memory|                              A_local_43|         array|
|A_local_43_d0         |  out|   32|   ap_memory|                              A_local_43|         array|
|A_local_42_address0   |  out|    7|   ap_memory|                              A_local_42|         array|
|A_local_42_ce0        |  out|    1|   ap_memory|                              A_local_42|         array|
|A_local_42_we0        |  out|    1|   ap_memory|                              A_local_42|         array|
|A_local_42_d0         |  out|   32|   ap_memory|                              A_local_42|         array|
|A_local_41_address0   |  out|    7|   ap_memory|                              A_local_41|         array|
|A_local_41_ce0        |  out|    1|   ap_memory|                              A_local_41|         array|
|A_local_41_we0        |  out|    1|   ap_memory|                              A_local_41|         array|
|A_local_41_d0         |  out|   32|   ap_memory|                              A_local_41|         array|
|A_local_40_address0   |  out|    7|   ap_memory|                              A_local_40|         array|
|A_local_40_ce0        |  out|    1|   ap_memory|                              A_local_40|         array|
|A_local_40_we0        |  out|    1|   ap_memory|                              A_local_40|         array|
|A_local_40_d0         |  out|   32|   ap_memory|                              A_local_40|         array|
|A_local_39_address0   |  out|    7|   ap_memory|                              A_local_39|         array|
|A_local_39_ce0        |  out|    1|   ap_memory|                              A_local_39|         array|
|A_local_39_we0        |  out|    1|   ap_memory|                              A_local_39|         array|
|A_local_39_d0         |  out|   32|   ap_memory|                              A_local_39|         array|
|A_local_38_address0   |  out|    7|   ap_memory|                              A_local_38|         array|
|A_local_38_ce0        |  out|    1|   ap_memory|                              A_local_38|         array|
|A_local_38_we0        |  out|    1|   ap_memory|                              A_local_38|         array|
|A_local_38_d0         |  out|   32|   ap_memory|                              A_local_38|         array|
|A_local_37_address0   |  out|    7|   ap_memory|                              A_local_37|         array|
|A_local_37_ce0        |  out|    1|   ap_memory|                              A_local_37|         array|
|A_local_37_we0        |  out|    1|   ap_memory|                              A_local_37|         array|
|A_local_37_d0         |  out|   32|   ap_memory|                              A_local_37|         array|
|A_local_36_address0   |  out|    7|   ap_memory|                              A_local_36|         array|
|A_local_36_ce0        |  out|    1|   ap_memory|                              A_local_36|         array|
|A_local_36_we0        |  out|    1|   ap_memory|                              A_local_36|         array|
|A_local_36_d0         |  out|   32|   ap_memory|                              A_local_36|         array|
|A_local_35_address0   |  out|    7|   ap_memory|                              A_local_35|         array|
|A_local_35_ce0        |  out|    1|   ap_memory|                              A_local_35|         array|
|A_local_35_we0        |  out|    1|   ap_memory|                              A_local_35|         array|
|A_local_35_d0         |  out|   32|   ap_memory|                              A_local_35|         array|
|A_local_34_address0   |  out|    7|   ap_memory|                              A_local_34|         array|
|A_local_34_ce0        |  out|    1|   ap_memory|                              A_local_34|         array|
|A_local_34_we0        |  out|    1|   ap_memory|                              A_local_34|         array|
|A_local_34_d0         |  out|   32|   ap_memory|                              A_local_34|         array|
|A_local_33_address0   |  out|    7|   ap_memory|                              A_local_33|         array|
|A_local_33_ce0        |  out|    1|   ap_memory|                              A_local_33|         array|
|A_local_33_we0        |  out|    1|   ap_memory|                              A_local_33|         array|
|A_local_33_d0         |  out|   32|   ap_memory|                              A_local_33|         array|
|A_local_32_address0   |  out|    7|   ap_memory|                              A_local_32|         array|
|A_local_32_ce0        |  out|    1|   ap_memory|                              A_local_32|         array|
|A_local_32_we0        |  out|    1|   ap_memory|                              A_local_32|         array|
|A_local_32_d0         |  out|   32|   ap_memory|                              A_local_32|         array|
|A_local_31_address0   |  out|    7|   ap_memory|                              A_local_31|         array|
|A_local_31_ce0        |  out|    1|   ap_memory|                              A_local_31|         array|
|A_local_31_we0        |  out|    1|   ap_memory|                              A_local_31|         array|
|A_local_31_d0         |  out|   32|   ap_memory|                              A_local_31|         array|
|A_local_30_address0   |  out|    7|   ap_memory|                              A_local_30|         array|
|A_local_30_ce0        |  out|    1|   ap_memory|                              A_local_30|         array|
|A_local_30_we0        |  out|    1|   ap_memory|                              A_local_30|         array|
|A_local_30_d0         |  out|   32|   ap_memory|                              A_local_30|         array|
|A_local_29_address0   |  out|    7|   ap_memory|                              A_local_29|         array|
|A_local_29_ce0        |  out|    1|   ap_memory|                              A_local_29|         array|
|A_local_29_we0        |  out|    1|   ap_memory|                              A_local_29|         array|
|A_local_29_d0         |  out|   32|   ap_memory|                              A_local_29|         array|
|A_local_28_address0   |  out|    7|   ap_memory|                              A_local_28|         array|
|A_local_28_ce0        |  out|    1|   ap_memory|                              A_local_28|         array|
|A_local_28_we0        |  out|    1|   ap_memory|                              A_local_28|         array|
|A_local_28_d0         |  out|   32|   ap_memory|                              A_local_28|         array|
|A_local_27_address0   |  out|    7|   ap_memory|                              A_local_27|         array|
|A_local_27_ce0        |  out|    1|   ap_memory|                              A_local_27|         array|
|A_local_27_we0        |  out|    1|   ap_memory|                              A_local_27|         array|
|A_local_27_d0         |  out|   32|   ap_memory|                              A_local_27|         array|
|A_local_26_address0   |  out|    7|   ap_memory|                              A_local_26|         array|
|A_local_26_ce0        |  out|    1|   ap_memory|                              A_local_26|         array|
|A_local_26_we0        |  out|    1|   ap_memory|                              A_local_26|         array|
|A_local_26_d0         |  out|   32|   ap_memory|                              A_local_26|         array|
|A_local_25_address0   |  out|    7|   ap_memory|                              A_local_25|         array|
|A_local_25_ce0        |  out|    1|   ap_memory|                              A_local_25|         array|
|A_local_25_we0        |  out|    1|   ap_memory|                              A_local_25|         array|
|A_local_25_d0         |  out|   32|   ap_memory|                              A_local_25|         array|
|A_local_24_address0   |  out|    7|   ap_memory|                              A_local_24|         array|
|A_local_24_ce0        |  out|    1|   ap_memory|                              A_local_24|         array|
|A_local_24_we0        |  out|    1|   ap_memory|                              A_local_24|         array|
|A_local_24_d0         |  out|   32|   ap_memory|                              A_local_24|         array|
|A_local_23_address0   |  out|    7|   ap_memory|                              A_local_23|         array|
|A_local_23_ce0        |  out|    1|   ap_memory|                              A_local_23|         array|
|A_local_23_we0        |  out|    1|   ap_memory|                              A_local_23|         array|
|A_local_23_d0         |  out|   32|   ap_memory|                              A_local_23|         array|
|A_local_22_address0   |  out|    7|   ap_memory|                              A_local_22|         array|
|A_local_22_ce0        |  out|    1|   ap_memory|                              A_local_22|         array|
|A_local_22_we0        |  out|    1|   ap_memory|                              A_local_22|         array|
|A_local_22_d0         |  out|   32|   ap_memory|                              A_local_22|         array|
|A_local_21_address0   |  out|    7|   ap_memory|                              A_local_21|         array|
|A_local_21_ce0        |  out|    1|   ap_memory|                              A_local_21|         array|
|A_local_21_we0        |  out|    1|   ap_memory|                              A_local_21|         array|
|A_local_21_d0         |  out|   32|   ap_memory|                              A_local_21|         array|
|A_local_20_address0   |  out|    7|   ap_memory|                              A_local_20|         array|
|A_local_20_ce0        |  out|    1|   ap_memory|                              A_local_20|         array|
|A_local_20_we0        |  out|    1|   ap_memory|                              A_local_20|         array|
|A_local_20_d0         |  out|   32|   ap_memory|                              A_local_20|         array|
|A_local_19_address0   |  out|    7|   ap_memory|                              A_local_19|         array|
|A_local_19_ce0        |  out|    1|   ap_memory|                              A_local_19|         array|
|A_local_19_we0        |  out|    1|   ap_memory|                              A_local_19|         array|
|A_local_19_d0         |  out|   32|   ap_memory|                              A_local_19|         array|
|A_local_18_address0   |  out|    7|   ap_memory|                              A_local_18|         array|
|A_local_18_ce0        |  out|    1|   ap_memory|                              A_local_18|         array|
|A_local_18_we0        |  out|    1|   ap_memory|                              A_local_18|         array|
|A_local_18_d0         |  out|   32|   ap_memory|                              A_local_18|         array|
|A_local_17_address0   |  out|    7|   ap_memory|                              A_local_17|         array|
|A_local_17_ce0        |  out|    1|   ap_memory|                              A_local_17|         array|
|A_local_17_we0        |  out|    1|   ap_memory|                              A_local_17|         array|
|A_local_17_d0         |  out|   32|   ap_memory|                              A_local_17|         array|
|A_local_16_address0   |  out|    7|   ap_memory|                              A_local_16|         array|
|A_local_16_ce0        |  out|    1|   ap_memory|                              A_local_16|         array|
|A_local_16_we0        |  out|    1|   ap_memory|                              A_local_16|         array|
|A_local_16_d0         |  out|   32|   ap_memory|                              A_local_16|         array|
|A_local_15_address0   |  out|    7|   ap_memory|                              A_local_15|         array|
|A_local_15_ce0        |  out|    1|   ap_memory|                              A_local_15|         array|
|A_local_15_we0        |  out|    1|   ap_memory|                              A_local_15|         array|
|A_local_15_d0         |  out|   32|   ap_memory|                              A_local_15|         array|
|A_local_14_address0   |  out|    7|   ap_memory|                              A_local_14|         array|
|A_local_14_ce0        |  out|    1|   ap_memory|                              A_local_14|         array|
|A_local_14_we0        |  out|    1|   ap_memory|                              A_local_14|         array|
|A_local_14_d0         |  out|   32|   ap_memory|                              A_local_14|         array|
|A_local_13_address0   |  out|    7|   ap_memory|                              A_local_13|         array|
|A_local_13_ce0        |  out|    1|   ap_memory|                              A_local_13|         array|
|A_local_13_we0        |  out|    1|   ap_memory|                              A_local_13|         array|
|A_local_13_d0         |  out|   32|   ap_memory|                              A_local_13|         array|
|A_local_12_address0   |  out|    7|   ap_memory|                              A_local_12|         array|
|A_local_12_ce0        |  out|    1|   ap_memory|                              A_local_12|         array|
|A_local_12_we0        |  out|    1|   ap_memory|                              A_local_12|         array|
|A_local_12_d0         |  out|   32|   ap_memory|                              A_local_12|         array|
|A_local_11_address0   |  out|    7|   ap_memory|                              A_local_11|         array|
|A_local_11_ce0        |  out|    1|   ap_memory|                              A_local_11|         array|
|A_local_11_we0        |  out|    1|   ap_memory|                              A_local_11|         array|
|A_local_11_d0         |  out|   32|   ap_memory|                              A_local_11|         array|
|A_local_10_address0   |  out|    7|   ap_memory|                              A_local_10|         array|
|A_local_10_ce0        |  out|    1|   ap_memory|                              A_local_10|         array|
|A_local_10_we0        |  out|    1|   ap_memory|                              A_local_10|         array|
|A_local_10_d0         |  out|   32|   ap_memory|                              A_local_10|         array|
|A_local_9_address0    |  out|    7|   ap_memory|                               A_local_9|         array|
|A_local_9_ce0         |  out|    1|   ap_memory|                               A_local_9|         array|
|A_local_9_we0         |  out|    1|   ap_memory|                               A_local_9|         array|
|A_local_9_d0          |  out|   32|   ap_memory|                               A_local_9|         array|
|A_local_8_address0    |  out|    7|   ap_memory|                               A_local_8|         array|
|A_local_8_ce0         |  out|    1|   ap_memory|                               A_local_8|         array|
|A_local_8_we0         |  out|    1|   ap_memory|                               A_local_8|         array|
|A_local_8_d0          |  out|   32|   ap_memory|                               A_local_8|         array|
|A_local_7_address0    |  out|    7|   ap_memory|                               A_local_7|         array|
|A_local_7_ce0         |  out|    1|   ap_memory|                               A_local_7|         array|
|A_local_7_we0         |  out|    1|   ap_memory|                               A_local_7|         array|
|A_local_7_d0          |  out|   32|   ap_memory|                               A_local_7|         array|
|A_local_6_address0    |  out|    7|   ap_memory|                               A_local_6|         array|
|A_local_6_ce0         |  out|    1|   ap_memory|                               A_local_6|         array|
|A_local_6_we0         |  out|    1|   ap_memory|                               A_local_6|         array|
|A_local_6_d0          |  out|   32|   ap_memory|                               A_local_6|         array|
|A_local_5_address0    |  out|    7|   ap_memory|                               A_local_5|         array|
|A_local_5_ce0         |  out|    1|   ap_memory|                               A_local_5|         array|
|A_local_5_we0         |  out|    1|   ap_memory|                               A_local_5|         array|
|A_local_5_d0          |  out|   32|   ap_memory|                               A_local_5|         array|
|A_local_4_address0    |  out|    7|   ap_memory|                               A_local_4|         array|
|A_local_4_ce0         |  out|    1|   ap_memory|                               A_local_4|         array|
|A_local_4_we0         |  out|    1|   ap_memory|                               A_local_4|         array|
|A_local_4_d0          |  out|   32|   ap_memory|                               A_local_4|         array|
|A_local_3_address0    |  out|    7|   ap_memory|                               A_local_3|         array|
|A_local_3_ce0         |  out|    1|   ap_memory|                               A_local_3|         array|
|A_local_3_we0         |  out|    1|   ap_memory|                               A_local_3|         array|
|A_local_3_d0          |  out|   32|   ap_memory|                               A_local_3|         array|
|A_local_2_address0    |  out|    7|   ap_memory|                               A_local_2|         array|
|A_local_2_ce0         |  out|    1|   ap_memory|                               A_local_2|         array|
|A_local_2_we0         |  out|    1|   ap_memory|                               A_local_2|         array|
|A_local_2_d0          |  out|   32|   ap_memory|                               A_local_2|         array|
|A_local_1_address0    |  out|    7|   ap_memory|                               A_local_1|         array|
|A_local_1_ce0         |  out|    1|   ap_memory|                               A_local_1|         array|
|A_local_1_we0         |  out|    1|   ap_memory|                               A_local_1|         array|
|A_local_1_d0          |  out|   32|   ap_memory|                               A_local_1|         array|
|A_local_address0      |  out|    7|   ap_memory|                                 A_local|         array|
|A_local_ce0           |  out|    1|   ap_memory|                                 A_local|         array|
|A_local_we0           |  out|    1|   ap_memory|                                 A_local|         array|
|A_local_d0            |  out|   32|   ap_memory|                                 A_local|         array|
|i_1                   |   in|    6|     ap_none|                                     i_1|        scalar|
+----------------------+-----+-----+------------+----------------------------------------+--------------+

